[2026-04-30 12:00:34] ============================================================
[2026-04-30 12:00:34]  G7 数据采集服务启动中...
[2026-04-30 12:00:34]  目标仓库: 福建汉吉斯冷链物流有限公司
[2026-04-30 12:00:34] 正在初始化数据库...
[2026-04-30 12:00:34] 数据库 G7_device_data_fz 确认存在
[2026-04-30 12:00:34] 数据表检查完成
[2026-04-30 12:00:34]  开始定时采集数据，每 300 秒(5分钟)采集一次...
[2026-04-30 12:00:34] ============================================================
[2026-04-30 12:00:34] 发起请求, 接口: https://api.e6yun.com/public/v4/BL-MODULE-COLD-CHAIN-WEB/api/cold/storageTempHum/getStorageTempHum
[2026-04-30 12:00:34] 数据采集成功，获取到 3 个区位的数据
[2026-04-30 12:00:34]     [ALARM] 触发报警: 库温过高报警 (当前: -15.7degC, 阈值: -19degC)
[2026-04-30 12:00:34]     [ALARM] 触发报警: 电池低电量报警 (当前: 88%, 阈值: 20%)
[2026-04-30 12:00:34]     [ALARM] 触发报警: 库温过高报警 (当前: -16.3degC, 阈值: -19degC)
[2026-04-30 12:00:34]     [ALARM] 触发报警: 电池低电量报警 (当前: 88%, 阈值: 20%)
[2026-04-30 12:00:35]     [ALARM] 触发报警: 库温过高报警 (当前: -18.7degC, 阈值: -19degC)
[2026-04-30 12:00:35]     [ALARM] 触发报警: 电池低电量报警 (当前: 88%, 阈值: 20%)
[2026-04-30 12:00:35]     [ALARM] 触发报警: 库温过高报警 (当前: -18.8degC, 阈值: -19degC)
[2026-04-30 12:00:35]     [ALARM] 触发报警: 电池低电量报警 (当前: 88%, 阈值: 20%)
[2026-04-30 12:00:35]     [ALARM] 触发报警: 电池低电量报警 (当前: 88%, 阈值: 20%)
[2026-04-30 12:00:35]     [ALARM] 触发报警: 电池低电量报警 (当前: 88%, 阈值: 20%)
[2026-04-30 12:00:35] 成功保存 6 条监测点数据
[2026-04-30 12:01:25] ============================================================
[2026-04-30 12:01:25]  G7 数据采集服务启动中...
[2026-04-30 12:01:25]  目标仓库: 福建汉吉斯冷链物流有限公司
[2026-04-30 12:01:25] 正在初始化数据库...
[2026-04-30 12:01:25] 数据库 G7_device_data_fz 确认存在
[2026-04-30 12:01:25] 数据表检查完成
[2026-04-30 12:01:25]  开始定时采集数据，每 300 秒(5分钟)采集一次...
[2026-04-30 12:01:25] ============================================================
[2026-04-30 12:01:25] 发起请求, 接口: https://api.e6yun.com/public/v4/BL-MODULE-COLD-CHAIN-WEB/api/cold/storageTempHum/getStorageTempHum
[2026-04-30 12:01:25] 数据采集成功，获取到 3 个区位的数据
[2026-04-30 12:01:25]     [ALARM] 触发报警: 库温过高报警 (当前: -15.7degC, 阈值: -19degC)
[2026-04-30 12:01:25]     [ALARM] 触发报警: 电池低电量报警 (当前: 88%, 阈值: 20%)
[2026-04-30 12:01:25]   - 保存数据: 冷冻区1-1-A | 1-1-A-01 | Temp=-15.7 | Time=2026-04-30 11:57:57
[2026-04-30 12:01:25]     [ALARM] 触发报警: 库温过高报警 (当前: -16.3degC, 阈值: -19degC)
[2026-04-30 12:01:25]     [ALARM] 触发报警: 电池低电量报警 (当前: 88%, 阈值: 20%)
[2026-04-30 12:01:25]   - 保存数据: 冷冻区1-1-A | 1-1-A-02 | Temp=-16.3 | Time=2026-04-30 11:52:47
[2026-04-30 12:01:25]     [ALARM] 触发报警: 库温过高报警 (当前: -18.7degC, 阈值: -19degC)
[2026-04-30 12:01:25]     [ALARM] 触发报警: 电池低电量报警 (当前: 88%, 阈值: 20%)
[2026-04-30 12:01:25]   - 保存数据: 冷冻区1-1-B | 1-1-B-01 | Temp=-18.7 | Time=2026-04-30 11:45:02
[2026-04-30 12:01:25]     [ALARM] 触发报警: 电池低电量报警 (当前: 88%, 阈值: 20%)
[2026-04-30 12:01:25]   - 保存数据: 冷冻区1-1-B | 1-1-B-02 | Temp=-19.0 | Time=2026-04-30 12:00:58
[2026-04-30 12:01:25]     [ALARM] 触发报警: 电池低电量报警 (当前: 88%, 阈值: 20%)
[2026-04-30 12:01:25]   - 保存数据: 冷冻区1-1-C | 1-1-C-01 | Temp=-19.4 | Time=2026-04-30 11:49:39
[2026-04-30 12:01:25]     [ALARM] 触发报警: 电池低电量报警 (当前: 88%, 阈值: 20%)
[2026-04-30 12:01:25]   - 保存数据: 冷冻区1-1-C | 1-1-C-02 | Temp=-19.7 | Time=2026-04-30 11:47:13
[2026-04-30 12:01:25] 成功保存 6 条监测点数据
[2026-04-30 12:06:25] 发起请求, 接口: https://api.e6yun.com/public/v4/BL-MODULE-COLD-CHAIN-WEB/api/cold/storageTempHum/getStorageTempHum
[2026-04-30 12:06:25] 数据采集成功，获取到 3 个区位的数据
[2026-04-30 12:06:25]     [ALARM] 触发报警: 库温过高报警 (当前: -15.7degC, 阈值: -19degC)
[2026-04-30 12:06:25]     [ALARM] 触发报警: 电池低电量报警 (当前: 88%, 阈值: 20%)
[2026-04-30 12:06:25]   - 保存数据: 冷冻区1-1-A | 1-1-A-01 | Temp=-15.7 | Time=2026-04-30 11:57:57
[2026-04-30 12:06:25]     [ALARM] 触发报警: 库温过高报警 (当前: -16.3degC, 阈值: -19degC)
[2026-04-30 12:06:25]     [ALARM] 触发报警: 电池低电量报警 (当前: 88%, 阈值: 20%)
[2026-04-30 12:06:25]   - 保存数据: 冷冻区1-1-A | 1-1-A-02 | Temp=-16.3 | Time=2026-04-30 11:52:47
[2026-04-30 12:06:25]     [ALARM] 触发报警: 电池低电量报警 (当前: 88%, 阈值: 20%)
[2026-04-30 12:06:25]   - 保存数据: 冷冻区1-1-B | 1-1-B-01 | Temp=-19.0 | Time=2026-04-30 12:00:02
[2026-04-30 12:06:25]     [ALARM] 触发报警: 电池低电量报警 (当前: 88%, 阈值: 20%)
[2026-04-30 12:06:26]   - 保存数据: 冷冻区1-1-B | 1-1-B-02 | Temp=-19.0 | Time=2026-04-30 12:00:58
[2026-04-30 12:06:26]     [ALARM] 触发报警: 电池低电量报警 (当前: 88%, 阈值: 20%)
[2026-04-30 12:06:26]   - 保存数据: 冷冻区1-1-C | 1-1-C-01 | Temp=-19.3 | Time=2026-04-30 12:04:39
[2026-04-30 12:06:26]     [ALARM] 触发报警: 电池低电量报警 (当前: 88%, 阈值: 20%)
[2026-04-30 12:06:26]   - 保存数据: 冷冻区1-1-C | 1-1-C-02 | Temp=-19.6 | Time=2026-04-30 12:02:13
[2026-04-30 12:06:26] 成功保存 6 条监测点数据
[2026-04-30 12:11:26] 发起请求, 接口: https://api.e6yun.com/public/v4/BL-MODULE-COLD-CHAIN-WEB/api/cold/storageTempHum/getStorageTempHum
[2026-04-30 12:11:26] 数据采集成功，获取到 3 个区位的数据
[2026-04-30 12:11:26]     [ALARM] 触发报警: 库温过高报警 (当前: -15.7degC, 阈值: -19degC)
[2026-04-30 12:11:26]     [ALARM] 触发报警: 电池低电量报警 (当前: 88%, 阈值: 20%)
[2026-04-30 12:11:26]   - 保存数据: 冷冻区1-1-A | 1-1-A-01 | Temp=-15.7 | Time=2026-04-30 11:57:57
[2026-04-30 12:11:26]     [ALARM] 触发报警: 库温过高报警 (当前: -16.3degC, 阈值: -19degC)
[2026-04-30 12:11:26]     [ALARM] 触发报警: 电池低电量报警 (当前: 88%, 阈值: 20%)
[2026-04-30 12:11:26]   - 保存数据: 冷冻区1-1-A | 1-1-A-02 | Temp=-16.3 | Time=2026-04-30 12:07:47
[2026-04-30 12:11:26]     [ALARM] 触发报警: 电池低电量报警 (当前: 88%, 阈值: 20%)
[2026-04-30 12:11:26]   - 保存数据: 冷冻区1-1-B | 1-1-B-01 | Temp=-19.0 | Time=2026-04-30 12:00:02
[2026-04-30 12:11:26]     [ALARM] 触发报警: 电池低电量报警 (当前: 88%, 阈值: 20%)
[2026-04-30 12:11:26]   - 保存数据: 冷冻区1-1-B | 1-1-B-02 | Temp=-19.0 | Time=2026-04-30 12:00:58
[2026-04-30 12:11:26]     [ALARM] 触发报警: 电池低电量报警 (当前: 88%, 阈值: 20%)
[2026-04-30 12:11:26]   - 保存数据: 冷冻区1-1-C | 1-1-C-01 | Temp=-19.3 | Time=2026-04-30 12:04:39
[2026-04-30 12:11:26]     [ALARM] 触发报警: 电池低电量报警 (当前: 88%, 阈值: 20%)
[2026-04-30 12:11:26]   - 保存数据: 冷冻区1-1-C | 1-1-C-02 | Temp=-19.6 | Time=2026-04-30 12:02:13
[2026-04-30 12:11:26] 成功保存 6 条监测点数据
[2026-04-30 12:16:26] 发起请求, 接口: https://api.e6yun.com/public/v4/BL-MODULE-COLD-CHAIN-WEB/api/cold/storageTempHum/getStorageTempHum
[2026-04-30 12:16:26] 数据采集成功，获取到 3 个区位的数据
[2026-04-30 12:16:26]     [ALARM] 触发报警: 库温过高报警 (当前: -15.7degC, 阈值: -19degC)
[2026-04-30 12:16:26]     [ALARM] 触发报警: 电池低电量报警 (当前: 88%, 阈值: 20%)
[2026-04-30 12:16:26]   - 保存数据: 冷冻区1-1-A | 1-1-A-01 | Temp=-15.7 | Time=2026-04-30 12:12:57
[2026-04-30 12:16:26]     [ALARM] 触发报警: 库温过高报警 (当前: -16.3degC, 阈值: -19degC)
[2026-04-30 12:16:26]     [ALARM] 触发报警: 电池低电量报警 (当前: 88%, 阈值: 20%)
[2026-04-30 12:16:26]   - 保存数据: 冷冻区1-1-A | 1-1-A-02 | Temp=-16.3 | Time=2026-04-30 12:07:47
[2026-04-30 12:16:26]     [ALARM] 触发报警: 电池低电量报警 (当前: 88%, 阈值: 20%)
[2026-04-30 12:16:26]   - 保存数据: 冷冻区1-1-B | 1-1-B-01 | Temp=-19.0 | Time=2026-04-30 12:00:02
[2026-04-30 12:16:26]     [ALARM] 触发报警: 库温过高报警 (当前: -18.8degC, 阈值: -19degC)
[2026-04-30 12:16:27]     [ALARM] 触发报警: 电池低电量报警 (当前: 88%, 阈值: 20%)
[2026-04-30 12:16:27]   - 保存数据: 冷冻区1-1-B | 1-1-B-02 | Temp=-18.8 | Time=2026-04-30 12:15:58
[2026-04-30 12:16:27]     [ALARM] 触发报警: 电池低电量报警 (当前: 88%, 阈值: 20%)
[2026-04-30 12:16:27]   - 保存数据: 冷冻区1-1-C | 1-1-C-01 | Temp=-19.3 | Time=2026-04-30 12:04:39
[2026-04-30 12:16:27]     [ALARM] 触发报警: 电池低电量报警 (当前: 88%, 阈值: 20%)
[2026-04-30 12:16:27]   - 保存数据: 冷冻区1-1-C | 1-1-C-02 | Temp=-19.6 | Time=2026-04-30 12:02:13
[2026-04-30 12:16:27] 成功保存 6 条监测点数据
[2026-04-30 12:21:27] 发起请求, 接口: https://api.e6yun.com/public/v4/BL-MODULE-COLD-CHAIN-WEB/api/cold/storageTempHum/getStorageTempHum
[2026-04-30 12:21:27] 数据采集成功，获取到 3 个区位的数据
[2026-04-30 12:21:27]     [ALARM] 触发报警: 库温过高报警 (当前: -15.7degC, 阈值: -19degC)
[2026-04-30 12:21:27]     [ALARM] 触发报警: 电池低电量报警 (当前: 88%, 阈值: 20%)
[2026-04-30 12:21:27]   - 保存数据: 冷冻区1-1-A | 1-1-A-01 | Temp=-15.7 | Time=2026-04-30 12:12:57
[2026-04-30 12:21:27]     [ALARM] 触发报警: 库温过高报警 (当前: -16.3degC, 阈值: -19degC)
[2026-04-30 12:21:27]     [ALARM] 触发报警: 电池低电量报警 (当前: 88%, 阈值: 20%)
[2026-04-30 12:21:27]   - 保存数据: 冷冻区1-1-A | 1-1-A-02 | Temp=-16.3 | Time=2026-04-30 12:07:47
[2026-04-30 12:21:27]     [ALARM] 触发报警: 库温过高报警 (当前: -18.8degC, 阈值: -19degC)
[2026-04-30 12:21:27]     [ALARM] 触发报警: 电池低电量报警 (当前: 88%, 阈值: 20%)
[2026-04-30 12:21:27]   - 保存数据: 冷冻区1-1-B | 1-1-B-01 | Temp=-18.8 | Time=2026-04-30 12:15:02
[2026-04-30 12:21:27]     [ALARM] 触发报警: 库温过高报警 (当前: -18.8degC, 阈值: -19degC)
[2026-04-30 12:21:27]     [ALARM] 触发报警: 电池低电量报警 (当前: 88%, 阈值: 20%)
[2026-04-30 12:21:27]   - 保存数据: 冷冻区1-1-B | 1-1-B-02 | Temp=-18.8 | Time=2026-04-30 12:15:58
[2026-04-30 12:21:27]     [ALARM] 触发报警: 电池低电量报警 (当前: 88%, 阈值: 20%)
[2026-04-30 12:21:27]   - 保存数据: 冷冻区1-1-C | 1-1-C-01 | Temp=-19.3 | Time=2026-04-30 12:19:39
[2026-04-30 12:21:27]     [ALARM] 触发报警: 电池低电量报警 (当前: 88%, 阈值: 20%)
[2026-04-30 12:21:27]   - 保存数据: 冷冻区1-1-C | 1-1-C-02 | Temp=-19.5 | Time=2026-04-30 12:17:13
[2026-04-30 12:21:27] 成功保存 6 条监测点数据
[2026-04-30 12:26:27] 发起请求, 接口: https://api.e6yun.com/public/v4/BL-MODULE-COLD-CHAIN-WEB/api/cold/storageTempHum/getStorageTempHum
[2026-04-30 12:26:27] 数据采集成功，获取到 3 个区位的数据
[2026-04-30 12:26:27]     [ALARM] 触发报警: 库温过高报警 (当前: -15.7degC, 阈值: -19degC)
[2026-04-30 12:26:27]     [ALARM] 触发报警: 电池低电量报警 (当前: 88%, 阈值: 20%)
[2026-04-30 12:26:27]   - 保存数据: 冷冻区1-1-A | 1-1-A-01 | Temp=-15.7 | Time=2026-04-30 12:12:57
[2026-04-30 12:26:27]     [ALARM] 触发报警: 库温过高报警 (当前: -16.3degC, 阈值: -19degC)
[2026-04-30 12:26:27]     [ALARM] 触发报警: 电池低电量报警 (当前: 88%, 阈值: 20%)
[2026-04-30 12:26:27]   - 保存数据: 冷冻区1-1-A | 1-1-A-02 | Temp=-16.3 | Time=2026-04-30 12:22:47
[2026-04-30 12:26:27]     [ALARM] 触发报警: 库温过高报警 (当前: -18.8degC, 阈值: -19degC)
[2026-04-30 12:26:27]     [ALARM] 触发报警: 电池低电量报警 (当前: 88%, 阈值: 20%)
[2026-04-30 12:26:27]   - 保存数据: 冷冻区1-1-B | 1-1-B-01 | Temp=-18.8 | Time=2026-04-30 12:15:02
[2026-04-30 12:26:27]     [ALARM] 触发报警: 库温过高报警 (当前: -18.8degC, 阈值: -19degC)
[2026-04-30 12:26:27]     [ALARM] 触发报警: 电池低电量报警 (当前: 88%, 阈值: 20%)
[2026-04-30 12:26:27]   - 保存数据: 冷冻区1-1-B | 1-1-B-02 | Temp=-18.8 | Time=2026-04-30 12:15:58
[2026-04-30 12:26:27]     [ALARM] 触发报警: 电池低电量报警 (当前: 88%, 阈值: 20%)
[2026-04-30 12:26:27]   - 保存数据: 冷冻区1-1-C | 1-1-C-01 | Temp=-19.3 | Time=2026-04-30 12:19:39
[2026-04-30 12:26:27]     [ALARM] 触发报警: 电池低电量报警 (当前: 88%, 阈值: 20%)
[2026-04-30 12:26:27]   - 保存数据: 冷冻区1-1-C | 1-1-C-02 | Temp=-19.5 | Time=2026-04-30 12:17:13
[2026-04-30 12:26:27] 成功保存 6 条监测点数据
[2026-04-30 12:31:27] 发起请求, 接口: https://api.e6yun.com/public/v4/BL-MODULE-COLD-CHAIN-WEB/api/cold/storageTempHum/getStorageTempHum
[2026-04-30 12:31:28] 数据采集成功，获取到 3 个区位的数据
[2026-04-30 12:31:28]     [ALARM] 触发报警: 库温过高报警 (当前: -15.7degC, 阈值: -19degC)
[2026-04-30 12:31:28]     [ALARM] 触发报警: 电池低电量报警 (当前: 88%, 阈值: 20%)
[2026-04-30 12:31:28]   - 保存数据: 冷冻区1-1-A | 1-1-A-01 | Temp=-15.7 | Time=2026-04-30 12:27:57
[2026-04-30 12:31:28]     [ALARM] 触发报警: 库温过高报警 (当前: -16.3degC, 阈值: -19degC)
[2026-04-30 12:31:28]     [ALARM] 触发报警: 电池低电量报警 (当前: 88%, 阈值: 20%)
[2026-04-30 12:31:28]   - 保存数据: 冷冻区1-1-A | 1-1-A-02 | Temp=-16.3 | Time=2026-04-30 12:22:47
[2026-04-30 12:31:28]     [ALARM] 触发报警: 库温过高报警 (当前: -18.8degC, 阈值: -19degC)
[2026-04-30 12:31:28]     [ALARM] 触发报警: 电池低电量报警 (当前: 88%, 阈值: 20%)
[2026-04-30 12:31:28]   - 保存数据: 冷冻区1-1-B | 1-1-B-01 | Temp=-18.8 | Time=2026-04-30 12:15:02
[2026-04-30 12:31:28]     [ALARM] 触发报警: 库温过高报警 (当前: -18.9degC, 阈值: -19degC)
[2026-04-30 12:31:28]     [ALARM] 触发报警: 电池低电量报警 (当前: 88%, 阈值: 20%)
[2026-04-30 12:31:28]   - 保存数据: 冷冻区1-1-B | 1-1-B-02 | Temp=-18.9 | Time=2026-04-30 12:30:58
[2026-04-30 12:31:28]     [ALARM] 触发报警: 电池低电量报警 (当前: 88%, 阈值: 20%)
[2026-04-30 12:31:28]   - 保存数据: 冷冻区1-1-C | 1-1-C-01 | Temp=-19.3 | Time=2026-04-30 12:19:39
[2026-04-30 12:31:28]     [ALARM] 触发报警: 电池低电量报警 (当前: 88%, 阈值: 20%)
[2026-04-30 12:31:28]   - 保存数据: 冷冻区1-1-C | 1-1-C-02 | Temp=-19.5 | Time=2026-04-30 12:17:13
[2026-04-30 12:31:28] 成功保存 6 条监测点数据
[2026-04-30 12:36:28] 发起请求, 接口: https://api.e6yun.com/public/v4/BL-MODULE-COLD-CHAIN-WEB/api/cold/storageTempHum/getStorageTempHum
[2026-04-30 12:36:28] 数据采集成功，获取到 3 个区位的数据
[2026-04-30 12:36:28]     [ALARM] 触发报警: 库温过高报警 (当前: -15.7degC, 阈值: -19degC)
[2026-04-30 12:36:28]     [ALARM] 触发报警: 电池低电量报警 (当前: 88%, 阈值: 20%)
[2026-04-30 12:36:28]   - 保存数据: 冷冻区1-1-A | 1-1-A-01 | Temp=-15.7 | Time=2026-04-30 12:27:57
[2026-04-30 12:36:28]     [ALARM] 触发报警: 库温过高报警 (当前: -16.3degC, 阈值: -19degC)
[2026-04-30 12:36:28]     [ALARM] 触发报警: 电池低电量报警 (当前: 88%, 阈值: 20%)
[2026-04-30 12:36:28]   - 保存数据: 冷冻区1-1-A | 1-1-A-02 | Temp=-16.3 | Time=2026-04-30 12:22:47
[2026-04-30 12:36:28]     [ALARM] 触发报警: 库温过高报警 (当前: -18.9degC, 阈值: -19degC)
[2026-04-30 12:36:28]     [ALARM] 触发报警: 电池低电量报警 (当前: 88%, 阈值: 20%)
[2026-04-30 12:36:28]   - 保存数据: 冷冻区1-1-B | 1-1-B-01 | Temp=-18.9 | Time=2026-04-30 12:30:02
[2026-04-30 12:36:28]     [ALARM] 触发报警: 库温过高报警 (当前: -18.9degC, 阈值: -19degC)
[2026-04-30 12:36:28]     [ALARM] 触发报警: 电池低电量报警 (当前: 88%, 阈值: 20%)
[2026-04-30 12:36:29]   - 保存数据: 冷冻区1-1-B | 1-1-B-02 | Temp=-18.9 | Time=2026-04-30 12:30:58
[2026-04-30 12:36:29]     [ALARM] 触发报警: 电池低电量报警 (当前: 88%, 阈值: 20%)
[2026-04-30 12:36:29]   - 保存数据: 冷冻区1-1-C | 1-1-C-01 | Temp=-19.3 | Time=2026-04-30 12:34:39
[2026-04-30 12:36:29]     [ALARM] 触发报警: 电池低电量报警 (当前: 88%, 阈值: 20%)
[2026-04-30 12:36:29]   - 保存数据: 冷冻区1-1-C | 1-1-C-02 | Temp=-19.4 | Time=2026-04-30 12:32:13
[2026-04-30 12:36:29] 成功保存 6 条监测点数据
[2026-04-30 12:41:29] 发起请求, 接口: https://api.e6yun.com/public/v4/BL-MODULE-COLD-CHAIN-WEB/api/cold/storageTempHum/getStorageTempHum
[2026-04-30 12:41:29] 数据采集成功，获取到 3 个区位的数据
[2026-04-30 12:41:29]     [ALARM] 触发报警: 库温过高报警 (当前: -15.7degC, 阈值: -19degC)
[2026-04-30 12:41:29]     [ALARM] 触发报警: 电池低电量报警 (当前: 88%, 阈值: 20%)
[2026-04-30 12:41:29]   - 保存数据: 冷冻区1-1-A | 1-1-A-01 | Temp=-15.7 | Time=2026-04-30 12:27:57
[2026-04-30 12:41:29]     [ALARM] 触发报警: 库温过高报警 (当前: -16.3degC, 阈值: -19degC)
[2026-04-30 12:41:29]     [ALARM] 触发报警: 电池低电量报警 (当前: 88%, 阈值: 20%)
[2026-04-30 12:41:29]   - 保存数据: 冷冻区1-1-A | 1-1-A-02 | Temp=-16.3 | Time=2026-04-30 12:37:47
[2026-04-30 12:41:29]     [ALARM] 触发报警: 库温过高报警 (当前: -18.9degC, 阈值: -19degC)
[2026-04-30 12:41:29]     [ALARM] 触发报警: 电池低电量报警 (当前: 88%, 阈值: 20%)
[2026-04-30 12:41:29]   - 保存数据: 冷冻区1-1-B | 1-1-B-01 | Temp=-18.9 | Time=2026-04-30 12:30:02
[2026-04-30 12:41:29]     [ALARM] 触发报警: 库温过高报警 (当前: -18.9degC, 阈值: -19degC)
[2026-04-30 12:41:29]     [ALARM] 触发报警: 电池低电量报警 (当前: 88%, 阈值: 20%)
[2026-04-30 12:41:29]   - 保存数据: 冷冻区1-1-B | 1-1-B-02 | Temp=-18.9 | Time=2026-04-30 12:30:58
[2026-04-30 12:41:29]     [ALARM] 触发报警: 电池低电量报警 (当前: 88%, 阈值: 20%)
[2026-04-30 12:41:29]   - 保存数据: 冷冻区1-1-C | 1-1-C-01 | Temp=-19.3 | Time=2026-04-30 12:34:39
[2026-04-30 12:41:29]     [ALARM] 触发报警: 电池低电量报警 (当前: 88%, 阈值: 20%)
[2026-04-30 12:41:29]   - 保存数据: 冷冻区1-1-C | 1-1-C-02 | Temp=-19.4 | Time=2026-04-30 12:32:13
[2026-04-30 12:41:29] 成功保存 6 条监测点数据
[2026-04-30 12:46:29] 发起请求, 接口: https://api.e6yun.com/public/v4/BL-MODULE-COLD-CHAIN-WEB/api/cold/storageTempHum/getStorageTempHum
[2026-04-30 12:46:29] 数据采集成功，获取到 3 个区位的数据
[2026-04-30 12:46:29]     [ALARM] 触发报警: 库温过高报警 (当前: -15.7degC, 阈值: -19degC)
[2026-04-30 12:46:29]     [ALARM] 触发报警: 电池低电量报警 (当前: 88%, 阈值: 20%)
[2026-04-30 12:46:29]   - 保存数据: 冷冻区1-1-A | 1-1-A-01 | Temp=-15.7 | Time=2026-04-30 12:42:57
[2026-04-30 12:46:29]     [ALARM] 触发报警: 库温过高报警 (当前: -16.3degC, 阈值: -19degC)
[2026-04-30 12:46:29]     [ALARM] 触发报警: 电池低电量报警 (当前: 88%, 阈值: 20%)
[2026-04-30 12:46:29]   - 保存数据: 冷冻区1-1-A | 1-1-A-02 | Temp=-16.3 | Time=2026-04-30 12:37:47
[2026-04-30 12:46:29]     [ALARM] 触发报警: 库温过高报警 (当前: -18.9degC, 阈值: -19degC)
[2026-04-30 12:46:29]     [ALARM] 触发报警: 电池低电量报警 (当前: 88%, 阈值: 20%)
[2026-04-30 12:46:29]   - 保存数据: 冷冻区1-1-B | 1-1-B-01 | Temp=-18.9 | Time=2026-04-30 12:30:02
[2026-04-30 12:46:29]     [ALARM] 触发报警: 电池低电量报警 (当前: 88%, 阈值: 20%)
[2026-04-30 12:46:30]   - 保存数据: 冷冻区1-1-B | 1-1-B-02 | Temp=-19.5 | Time=2026-04-30 12:45:58
[2026-04-30 12:46:30]     [ALARM] 触发报警: 电池低电量报警 (当前: 88%, 阈值: 20%)
[2026-04-30 12:46:30]   - 保存数据: 冷冻区1-1-C | 1-1-C-01 | Temp=-19.3 | Time=2026-04-30 12:34:39
[2026-04-30 12:46:30]     [ALARM] 触发报警: 电池低电量报警 (当前: 88%, 阈值: 20%)
[2026-04-30 12:46:30]   - 保存数据: 冷冻区1-1-C | 1-1-C-02 | Temp=-19.4 | Time=2026-04-30 12:32:13
[2026-04-30 12:46:30] 成功保存 6 条监测点数据
[2026-04-30 12:51:30] 发起请求, 接口: https://api.e6yun.com/public/v4/BL-MODULE-COLD-CHAIN-WEB/api/cold/storageTempHum/getStorageTempHum
[2026-04-30 12:51:30] 数据采集成功，获取到 3 个区位的数据
[2026-04-30 12:51:30]     [ALARM] 触发报警: 库温过高报警 (当前: -15.7degC, 阈值: -19degC)
[2026-04-30 12:51:30]     [ALARM] 触发报警: 电池低电量报警 (当前: 88%, 阈值: 20%)
[2026-04-30 12:51:30]   - 保存数据: 冷冻区1-1-A | 1-1-A-01 | Temp=-15.7 | Time=2026-04-30 12:42:57
[2026-04-30 12:51:30]     [ALARM] 触发报警: 库温过高报警 (当前: -16.3degC, 阈值: -19degC)
[2026-04-30 12:51:30]     [ALARM] 触发报警: 电池低电量报警 (当前: 88%, 阈值: 20%)
[2026-04-30 12:51:30]   - 保存数据: 冷冻区1-1-A | 1-1-A-02 | Temp=-16.3 | Time=2026-04-30 12:37:47
[2026-04-30 12:51:30]     [ALARM] 触发报警: 电池低电量报警 (当前: 88%, 阈值: 20%)
[2026-04-30 12:51:30]   - 保存数据: 冷冻区1-1-B | 1-1-B-01 | Temp=-20.0 | Time=2026-04-30 12:45:02
[2026-04-30 12:51:30]     [ALARM] 触发报警: 电池低电量报警 (当前: 88%, 阈值: 20%)
[2026-04-30 12:51:30]   - 保存数据: 冷冻区1-1-B | 1-1-B-02 | Temp=-19.5 | Time=2026-04-30 12:45:58
[2026-04-30 12:51:30]     [ALARM] 触发报警: 电池低电量报警 (当前: 88%, 阈值: 20%)
[2026-04-30 12:51:30]   - 保存数据: 冷冻区1-1-C | 1-1-C-01 | Temp=-19.2 | Time=2026-04-30 12:49:39
[2026-04-30 12:51:30]     [ALARM] 触发报警: 电池低电量报警 (当前: 88%, 阈值: 20%)
[2026-04-30 12:51:30]   - 保存数据: 冷冻区1-1-C | 1-1-C-02 | Temp=-19.3 | Time=2026-04-30 12:47:13
[2026-04-30 12:51:30] 成功保存 6 条监测点数据
[2026-04-30 12:56:30] 发起请求, 接口: https://api.e6yun.com/public/v4/BL-MODULE-COLD-CHAIN-WEB/api/cold/storageTempHum/getStorageTempHum
[2026-04-30 12:56:30] 数据采集成功，获取到 3 个区位的数据
[2026-04-30 12:56:30]     [ALARM] 触发报警: 库温过高报警 (当前: -15.7degC, 阈值: -19degC)
[2026-04-30 12:56:31]     [ALARM] 触发报警: 电池低电量报警 (当前: 88%, 阈值: 20%)
[2026-04-30 12:56:31]   - 保存数据: 冷冻区1-1-A | 1-1-A-01 | Temp=-15.7 | Time=2026-04-30 12:42:57
[2026-04-30 12:56:31]     [ALARM] 触发报警: 库温过高报警 (当前: -16.3degC, 阈值: -19degC)
[2026-04-30 12:56:31]     [ALARM] 触发报警: 电池低电量报警 (当前: 88%, 阈值: 20%)
[2026-04-30 12:56:31]   - 保存数据: 冷冻区1-1-A | 1-1-A-02 | Temp=-16.3 | Time=2026-04-30 12:52:47
[2026-04-30 12:56:31]     [ALARM] 触发报警: 电池低电量报警 (当前: 88%, 阈值: 20%)
[2026-04-30 12:56:31]   - 保存数据: 冷冻区1-1-B | 1-1-B-01 | Temp=-20.0 | Time=2026-04-30 12:45:02
[2026-04-30 12:56:31]     [ALARM] 触发报警: 电池低电量报警 (当前: 88%, 阈值: 20%)
[2026-04-30 12:56:31]   - 保存数据: 冷冻区1-1-B | 1-1-B-02 | Temp=-19.5 | Time=2026-04-30 12:45:58
[2026-04-30 12:56:31]     [ALARM] 触发报警: 电池低电量报警 (当前: 88%, 阈值: 20%)
[2026-04-30 12:56:31]   - 保存数据: 冷冻区1-1-C | 1-1-C-01 | Temp=-19.2 | Time=2026-04-30 12:49:39
[2026-04-30 12:56:31]     [ALARM] 触发报警: 电池低电量报警 (当前: 88%, 阈值: 20%)
[2026-04-30 12:56:31]   - 保存数据: 冷冻区1-1-C | 1-1-C-02 | Temp=-19.3 | Time=2026-04-30 12:47:13
[2026-04-30 12:56:31] 成功保存 6 条监测点数据
[2026-04-30 13:01:31] 发起请求, 接口: https://api.e6yun.com/public/v4/BL-MODULE-COLD-CHAIN-WEB/api/cold/storageTempHum/getStorageTempHum
[2026-04-30 13:01:31] 数据采集成功，获取到 3 个区位的数据
[2026-04-30 13:01:31]     [ALARM] 触发报警: 库温过高报警 (当前: -15.7degC, 阈值: -19degC)
[2026-04-30 13:01:31]     [ALARM] 触发报警: 电池低电量报警 (当前: 88%, 阈值: 20%)
[2026-04-30 13:01:31]   - 保存数据: 冷冻区1-1-A | 1-1-A-01 | Temp=-15.7 | Time=2026-04-30 12:57:57
[2026-04-30 13:01:31]     [ALARM] 触发报警: 库温过高报警 (当前: -16.3degC, 阈值: -19degC)
[2026-04-30 13:01:31]     [ALARM] 触发报警: 电池低电量报警 (当前: 88%, 阈值: 20%)
[2026-04-30 13:01:31]   - 保存数据: 冷冻区1-1-A | 1-1-A-02 | Temp=-16.3 | Time=2026-04-30 12:52:47
[2026-04-30 13:01:31]     [ALARM] 触发报警: 电池低电量报警 (当前: 88%, 阈值: 20%)
[2026-04-30 13:01:31]   - 保存数据: 冷冻区1-1-B | 1-1-B-01 | Temp=-20.0 | Time=2026-04-30 12:45:02
[2026-04-30 13:01:31]     [ALARM] 触发报警: 电池低电量报警 (当前: 88%, 阈值: 20%)
[2026-04-30 13:01:31]   - 保存数据: 冷冻区1-1-B | 1-1-B-02 | Temp=-19.8 | Time=2026-04-30 13:00:58
[2026-04-30 13:01:31]     [ALARM] 触发报警: 电池低电量报警 (当前: 88%, 阈值: 20%)
[2026-04-30 13:01:31]   - 保存数据: 冷冻区1-1-C | 1-1-C-01 | Temp=-19.2 | Time=2026-04-30 12:49:39
[2026-04-30 13:01:31]     [ALARM] 触发报警: 电池低电量报警 (当前: 88%, 阈值: 20%)
[2026-04-30 13:01:31]   - 保存数据: 冷冻区1-1-C | 1-1-C-02 | Temp=-19.3 | Time=2026-04-30 12:47:13
[2026-04-30 13:01:31] 成功保存 6 条监测点数据
[2026-04-30 13:06:31] 发起请求, 接口: https://api.e6yun.com/public/v4/BL-MODULE-COLD-CHAIN-WEB/api/cold/storageTempHum/getStorageTempHum
[2026-04-30 13:06:31] 数据采集成功，获取到 3 个区位的数据
[2026-04-30 13:06:31]     [ALARM] 触发报警: 库温过高报警 (当前: -15.7degC, 阈值: -19degC)
[2026-04-30 13:06:31]     [ALARM] 触发报警: 电池低电量报警 (当前: 88%, 阈值: 20%)
[2026-04-30 13:06:31]   - 保存数据: 冷冻区1-1-A | 1-1-A-01 | Temp=-15.7 | Time=2026-04-30 12:57:57
[2026-04-30 13:06:31]     [ALARM] 触发报警: 库温过高报警 (当前: -16.3degC, 阈值: -19degC)
[2026-04-30 13:06:31]     [ALARM] 触发报警: 电池低电量报警 (当前: 88%, 阈值: 20%)
[2026-04-30 13:06:31]   - 保存数据: 冷冻区1-1-A | 1-1-A-02 | Temp=-16.3 | Time=2026-04-30 12:52:47
[2026-04-30 13:06:31]     [ALARM] 触发报警: 电池低电量报警 (当前: 88%, 阈值: 20%)
[2026-04-30 13:06:32]   - 保存数据: 冷冻区1-1-B | 1-1-B-01 | Temp=-20.4 | Time=2026-04-30 13:00:02
[2026-04-30 13:06:32]     [ALARM] 触发报警: 电池低电量报警 (当前: 88%, 阈值: 20%)
[2026-04-30 13:06:32]   - 保存数据: 冷冻区1-1-B | 1-1-B-02 | Temp=-19.8 | Time=2026-04-30 13:00:58
[2026-04-30 13:06:32]     [ALARM] 触发报警: 电池低电量报警 (当前: 88%, 阈值: 20%)
[2026-04-30 13:06:32]   - 保存数据: 冷冻区1-1-C | 1-1-C-01 | Temp=-19.2 | Time=2026-04-30 13:04:39
[2026-04-30 13:06:32]     [ALARM] 触发报警: 电池低电量报警 (当前: 88%, 阈值: 20%)
[2026-04-30 13:06:32]   - 保存数据: 冷冻区1-1-C | 1-1-C-02 | Temp=-19.3 | Time=2026-04-30 13:02:13
[2026-04-30 13:06:32] 成功保存 6 条监测点数据
[2026-04-30 13:11:32] 发起请求, 接口: https://api.e6yun.com/public/v4/BL-MODULE-COLD-CHAIN-WEB/api/cold/storageTempHum/getStorageTempHum
[2026-04-30 13:11:32] 数据采集成功，获取到 3 个区位的数据
[2026-04-30 13:11:32]     [ALARM] 触发报警: 库温过高报警 (当前: -15.7degC, 阈值: -19degC)
[2026-04-30 13:11:32]     [ALARM] 触发报警: 电池低电量报警 (当前: 88%, 阈值: 20%)
[2026-04-30 13:11:32]   - 保存数据: 冷冻区1-1-A | 1-1-A-01 | Temp=-15.7 | Time=2026-04-30 12:57:57
[2026-04-30 13:11:32]     [ALARM] 触发报警: 库温过高报警 (当前: -16.3degC, 阈值: -19degC)
[2026-04-30 13:11:32]     [ALARM] 触发报警: 电池低电量报警 (当前: 88%, 阈值: 20%)
[2026-04-30 13:11:32]   - 保存数据: 冷冻区1-1-A | 1-1-A-02 | Temp=-16.3 | Time=2026-04-30 13:07:47
[2026-04-30 13:11:32]     [ALARM] 触发报警: 电池低电量报警 (当前: 88%, 阈值: 20%)
[2026-04-30 13:11:32]   - 保存数据: 冷冻区1-1-B | 1-1-B-01 | Temp=-20.4 | Time=2026-04-30 13:00:02
[2026-04-30 13:11:32]     [ALARM] 触发报警: 电池低电量报警 (当前: 88%, 阈值: 20%)
[2026-04-30 13:11:32]   - 保存数据: 冷冻区1-1-B | 1-1-B-02 | Temp=-19.8 | Time=2026-04-30 13:00:58
[2026-04-30 13:11:32]     [ALARM] 触发报警: 电池低电量报警 (当前: 88%, 阈值: 20%)
[2026-04-30 13:11:32]   - 保存数据: 冷冻区1-1-C | 1-1-C-01 | Temp=-19.2 | Time=2026-04-30 13:04:39
[2026-04-30 13:11:32]     [ALARM] 触发报警: 电池低电量报警 (当前: 88%, 阈值: 20%)
[2026-04-30 13:11:32]   - 保存数据: 冷冻区1-1-C | 1-1-C-02 | Temp=-19.3 | Time=2026-04-30 13:02:13
[2026-04-30 13:11:32] 成功保存 6 条监测点数据
[2026-04-30 13:16:32] 发起请求, 接口: https://api.e6yun.com/public/v4/BL-MODULE-COLD-CHAIN-WEB/api/cold/storageTempHum/getStorageTempHum
[2026-04-30 13:16:32] 数据采集成功，获取到 3 个区位的数据
[2026-04-30 13:16:32]     [ALARM] 触发报警: 库温过高报警 (当前: -15.7degC, 阈值: -19degC)
[2026-04-30 13:16:32]     [ALARM] 触发报警: 电池低电量报警 (当前: 88%, 阈值: 20%)
[2026-04-30 13:16:32]   - 保存数据: 冷冻区1-1-A | 1-1-A-01 | Temp=-15.7 | Time=2026-04-30 13:12:57
[2026-04-30 13:16:32]     [ALARM] 触发报警: 库温过高报警 (当前: -16.3degC, 阈值: -19degC)
[2026-04-30 13:16:32]     [ALARM] 触发报警: 电池低电量报警 (当前: 88%, 阈值: 20%)
[2026-04-30 13:16:32]   - 保存数据: 冷冻区1-1-A | 1-1-A-02 | Temp=-16.3 | Time=2026-04-30 13:07:47
[2026-04-30 13:16:32]     [ALARM] 触发报警: 电池低电量报警 (当前: 88%, 阈值: 20%)
[2026-04-30 13:16:32]   - 保存数据: 冷冻区1-1-B | 1-1-B-01 | Temp=-20.4 | Time=2026-04-30 13:00:02
[2026-04-30 13:16:32]     [ALARM] 触发报警: 电池低电量报警 (当前: 88%, 阈值: 20%)
[2026-04-30 13:16:32]   - 保存数据: 冷冻区1-1-B | 1-1-B-02 | Temp=-19.6 | Time=2026-04-30 13:15:58
[2026-04-30 13:16:32]     [ALARM] 触发报警: 电池低电量报警 (当前: 88%, 阈值: 20%)
[2026-04-30 13:16:32]   - 保存数据: 冷冻区1-1-C | 1-1-C-01 | Temp=-19.2 | Time=2026-04-30 13:04:39
[2026-04-30 13:16:32]     [ALARM] 触发报警: 电池低电量报警 (当前: 88%, 阈值: 20%)
[2026-04-30 13:16:32]   - 保存数据: 冷冻区1-1-C | 1-1-C-02 | Temp=-19.3 | Time=2026-04-30 13:02:13
[2026-04-30 13:16:32] 成功保存 6 条监测点数据
[2026-04-30 13:21:33] 发起请求, 接口: https://api.e6yun.com/public/v4/BL-MODULE-COLD-CHAIN-WEB/api/cold/storageTempHum/getStorageTempHum
[2026-04-30 13:21:33] 数据采集成功，获取到 3 个区位的数据
[2026-04-30 13:21:33]     [ALARM] 触发报警: 库温过高报警 (当前: -15.7degC, 阈值: -19degC)
[2026-04-30 13:21:33]     [ALARM] 触发报警: 电池低电量报警 (当前: 88%, 阈值: 20%)
[2026-04-30 13:21:33]   - 保存数据: 冷冻区1-1-A | 1-1-A-01 | Temp=-15.7 | Time=2026-04-30 13:12:57
[2026-04-30 13:21:33]     [ALARM] 触发报警: 库温过高报警 (当前: -16.3degC, 阈值: -19degC)
[2026-04-30 13:21:33]     [ALARM] 触发报警: 电池低电量报警 (当前: 88%, 阈值: 20%)
[2026-04-30 13:21:33]   - 保存数据: 冷冻区1-1-A | 1-1-A-02 | Temp=-16.3 | Time=2026-04-30 13:07:47
[2026-04-30 13:21:33]     [ALARM] 触发报警: 电池低电量报警 (当前: 88%, 阈值: 20%)
[2026-04-30 13:21:33]   - 保存数据: 冷冻区1-1-B | 1-1-B-01 | Temp=-20.2 | Time=2026-04-30 13:15:02
[2026-04-30 13:21:33]     [ALARM] 触发报警: 电池低电量报警 (当前: 88%, 阈值: 20%)
[2026-04-30 13:21:33]   - 保存数据: 冷冻区1-1-B | 1-1-B-02 | Temp=-19.6 | Time=2026-04-30 13:15:58
[2026-04-30 13:21:33]     [ALARM] 触发报警: 电池低电量报警 (当前: 88%, 阈值: 20%)
[2026-04-30 13:21:33]   - 保存数据: 冷冻区1-1-C | 1-1-C-01 | Temp=-19.2 | Time=2026-04-30 13:19:39
[2026-04-30 13:21:33]     [ALARM] 触发报警: 电池低电量报警 (当前: 88%, 阈值: 20%)
[2026-04-30 13:21:33]   - 保存数据: 冷冻区1-1-C | 1-1-C-02 | Temp=-19.2 | Time=2026-04-30 13:17:13
[2026-04-30 13:21:33] 成功保存 6 条监测点数据
[2026-04-30 13:26:33] 发起请求, 接口: https://api.e6yun.com/public/v4/BL-MODULE-COLD-CHAIN-WEB/api/cold/storageTempHum/getStorageTempHum
[2026-04-30 13:26:33] 数据采集成功，获取到 3 个区位的数据
[2026-04-30 13:26:33]     [ALARM] 触发报警: 库温过高报警 (当前: -15.7degC, 阈值: -19degC)
[2026-04-30 13:26:33]     [ALARM] 触发报警: 电池低电量报警 (当前: 88%, 阈值: 20%)
[2026-04-30 13:26:33]   - 保存数据: 冷冻区1-1-A | 1-1-A-01 | Temp=-15.7 | Time=2026-04-30 13:12:57
[2026-04-30 13:26:33]     [ALARM] 触发报警: 库温过高报警 (当前: -16.3degC, 阈值: -19degC)
[2026-04-30 13:26:33]     [ALARM] 触发报警: 电池低电量报警 (当前: 88%, 阈值: 20%)
[2026-04-30 13:26:33]   - 保存数据: 冷冻区1-1-A | 1-1-A-02 | Temp=-16.3 | Time=2026-04-30 13:22:47
[2026-04-30 13:26:33]     [ALARM] 触发报警: 电池低电量报警 (当前: 88%, 阈值: 20%)
[2026-04-30 13:26:33]   - 保存数据: 冷冻区1-1-B | 1-1-B-01 | Temp=-20.2 | Time=2026-04-30 13:15:02
[2026-04-30 13:26:33]     [ALARM] 触发报警: 电池低电量报警 (当前: 88%, 阈值: 20%)
[2026-04-30 13:26:33]   - 保存数据: 冷冻区1-1-B | 1-1-B-02 | Temp=-19.6 | Time=2026-04-30 13:15:58
[2026-04-30 13:26:33]     [ALARM] 触发报警: 电池低电量报警 (当前: 88%, 阈值: 20%)
[2026-04-30 13:26:33]   - 保存数据: 冷冻区1-1-C | 1-1-C-01 | Temp=-19.2 | Time=2026-04-30 13:19:39
[2026-04-30 13:26:33]     [ALARM] 触发报警: 电池低电量报警 (当前: 88%, 阈值: 20%)
[2026-04-30 13:26:33]   - 保存数据: 冷冻区1-1-C | 1-1-C-02 | Temp=-19.2 | Time=2026-04-30 13:17:13
[2026-04-30 13:26:33] 成功保存 6 条监测点数据
[2026-04-30 13:31:33] 发起请求, 接口: https://api.e6yun.com/public/v4/BL-MODULE-COLD-CHAIN-WEB/api/cold/storageTempHum/getStorageTempHum
[2026-04-30 13:31:34] 数据采集成功，获取到 3 个区位的数据
[2026-04-30 13:31:34]     [ALARM] 触发报警: 库温过高报警 (当前: -15.7degC, 阈值: -19degC)
[2026-04-30 13:31:34]     [ALARM] 触发报警: 电池低电量报警 (当前: 88%, 阈值: 20%)
[2026-04-30 13:31:34]   - 保存数据: 冷冻区1-1-A | 1-1-A-01 | Temp=-15.7 | Time=2026-04-30 13:27:57
[2026-04-30 13:31:34]     [ALARM] 触发报警: 库温过高报警 (当前: -16.3degC, 阈值: -19degC)
[2026-04-30 13:31:34]     [ALARM] 触发报警: 电池低电量报警 (当前: 88%, 阈值: 20%)
[2026-04-30 13:31:34]   - 保存数据: 冷冻区1-1-A | 1-1-A-02 | Temp=-16.3 | Time=2026-04-30 13:22:47
[2026-04-30 13:31:34]     [ALARM] 触发报警: 电池低电量报警 (当前: 88%, 阈值: 20%)
[2026-04-30 13:31:34]   - 保存数据: 冷冻区1-1-B | 1-1-B-01 | Temp=-20.2 | Time=2026-04-30 13:15:02
[2026-04-30 13:31:34]     [ALARM] 触发报警: 电池低电量报警 (当前: 88%, 阈值: 20%)
[2026-04-30 13:31:34]   - 保存数据: 冷冻区1-1-B | 1-1-B-02 | Temp=-19.3 | Time=2026-04-30 13:30:58
[2026-04-30 13:31:34]     [ALARM] 触发报警: 电池低电量报警 (当前: 88%, 阈值: 20%)
[2026-04-30 13:31:34]   - 保存数据: 冷冻区1-1-C | 1-1-C-01 | Temp=-19.2 | Time=2026-04-30 13:19:39
[2026-04-30 13:31:34]     [ALARM] 触发报警: 电池低电量报警 (当前: 88%, 阈值: 20%)
[2026-04-30 13:31:34]   - 保存数据: 冷冻区1-1-C | 1-1-C-02 | Temp=-19.2 | Time=2026-04-30 13:17:13
[2026-04-30 13:31:34] 成功保存 6 条监测点数据
[2026-04-30 13:36:34] 发起请求, 接口: https://api.e6yun.com/public/v4/BL-MODULE-COLD-CHAIN-WEB/api/cold/storageTempHum/getStorageTempHum
[2026-04-30 13:36:34] 数据采集成功，获取到 3 个区位的数据
[2026-04-30 13:36:34]     [ALARM] 触发报警: 库温过高报警 (当前: -15.7degC, 阈值: -19degC)
[2026-04-30 13:36:34]     [ALARM] 触发报警: 电池低电量报警 (当前: 88%, 阈值: 20%)
[2026-04-30 13:36:34]   - 保存数据: 冷冻区1-1-A | 1-1-A-01 | Temp=-15.7 | Time=2026-04-30 13:27:57
[2026-04-30 13:36:34]     [ALARM] 触发报警: 库温过高报警 (当前: -16.3degC, 阈值: -19degC)
[2026-04-30 13:36:34]     [ALARM] 触发报警: 电池低电量报警 (当前: 88%, 阈值: 20%)
[2026-04-30 13:36:34]   - 保存数据: 冷冻区1-1-A | 1-1-A-02 | Temp=-16.3 | Time=2026-04-30 13:22:47
[2026-04-30 13:36:34]     [ALARM] 触发报警: 电池低电量报警 (当前: 88%, 阈值: 20%)
[2026-04-30 13:36:34]   - 保存数据: 冷冻区1-1-B | 1-1-B-01 | Temp=-19.8 | Time=2026-04-30 13:30:02
[2026-04-30 13:36:34]     [ALARM] 触发报警: 电池低电量报警 (当前: 88%, 阈值: 20%)
[2026-04-30 13:36:34]   - 保存数据: 冷冻区1-1-B | 1-1-B-02 | Temp=-19.3 | Time=2026-04-30 13:30:58
[2026-04-30 13:36:34]     [ALARM] 触发报警: 电池低电量报警 (当前: 88%, 阈值: 20%)
[2026-04-30 13:36:34]   - 保存数据: 冷冻区1-1-C | 1-1-C-01 | Temp=-19.2 | Time=2026-04-30 13:34:39
[2026-04-30 13:36:34]     [ALARM] 触发报警: 电池低电量报警 (当前: 88%, 阈值: 20%)
[2026-04-30 13:36:34]   - 保存数据: 冷冻区1-1-C | 1-1-C-02 | Temp=-19.2 | Time=2026-04-30 13:32:13
[2026-04-30 13:36:34] 成功保存 6 条监测点数据
[2026-04-30 13:41:34] 发起请求, 接口: https://api.e6yun.com/public/v4/BL-MODULE-COLD-CHAIN-WEB/api/cold/storageTempHum/getStorageTempHum
[2026-04-30 13:41:35] 数据采集成功，获取到 3 个区位的数据
[2026-04-30 13:41:35]     [ALARM] 触发报警: 库温过高报警 (当前: -15.7degC, 阈值: -19degC)
[2026-04-30 13:41:35]     [ALARM] 触发报警: 电池低电量报警 (当前: 88%, 阈值: 20%)
[2026-04-30 13:41:35]   - 保存数据: 冷冻区1-1-A | 1-1-A-01 | Temp=-15.7 | Time=2026-04-30 13:27:57
[2026-04-30 13:41:35]     [ALARM] 触发报警: 库温过高报警 (当前: -16.3degC, 阈值: -19degC)
[2026-04-30 13:41:35]     [ALARM] 触发报警: 电池低电量报警 (当前: 88%, 阈值: 20%)
[2026-04-30 13:41:35]   - 保存数据: 冷冻区1-1-A | 1-1-A-02 | Temp=-16.3 | Time=2026-04-30 13:37:47
[2026-04-30 13:41:35]     [ALARM] 触发报警: 电池低电量报警 (当前: 88%, 阈值: 20%)
[2026-04-30 13:41:35]   - 保存数据: 冷冻区1-1-B | 1-1-B-01 | Temp=-19.8 | Time=2026-04-30 13:30:02
[2026-04-30 13:41:35]     [ALARM] 触发报警: 电池低电量报警 (当前: 88%, 阈值: 20%)
[2026-04-30 13:41:35]   - 保存数据: 冷冻区1-1-B | 1-1-B-02 | Temp=-19.3 | Time=2026-04-30 13:30:58
[2026-04-30 13:41:35]     [ALARM] 触发报警: 电池低电量报警 (当前: 88%, 阈值: 20%)
[2026-04-30 13:41:35]   - 保存数据: 冷冻区1-1-C | 1-1-C-01 | Temp=-19.2 | Time=2026-04-30 13:34:39
[2026-04-30 13:41:35]     [ALARM] 触发报警: 电池低电量报警 (当前: 88%, 阈值: 20%)
[2026-04-30 13:41:35]   - 保存数据: 冷冻区1-1-C | 1-1-C-02 | Temp=-19.2 | Time=2026-04-30 13:32:13
[2026-04-30 13:41:35] 成功保存 6 条监测点数据
[2026-04-30 13:46:35] 发起请求, 接口: https://api.e6yun.com/public/v4/BL-MODULE-COLD-CHAIN-WEB/api/cold/storageTempHum/getStorageTempHum
[2026-04-30 13:46:35] 数据采集成功，获取到 3 个区位的数据
[2026-04-30 13:46:35]     [ALARM] 触发报警: 库温过高报警 (当前: -15.8degC, 阈值: -19degC)
[2026-04-30 13:46:35]     [ALARM] 触发报警: 电池低电量报警 (当前: 88%, 阈值: 20%)
[2026-04-30 13:46:35]   - 保存数据: 冷冻区1-1-A | 1-1-A-01 | Temp=-15.8 | Time=2026-04-30 13:42:57
[2026-04-30 13:46:35]     [ALARM] 触发报警: 库温过高报警 (当前: -16.3degC, 阈值: -19degC)
[2026-04-30 13:46:35]     [ALARM] 触发报警: 电池低电量报警 (当前: 88%, 阈值: 20%)
[2026-04-30 13:46:35]   - 保存数据: 冷冻区1-1-A | 1-1-A-02 | Temp=-16.3 | Time=2026-04-30 13:37:47
[2026-04-30 13:46:35]     [ALARM] 触发报警: 电池低电量报警 (当前: 88%, 阈值: 20%)
[2026-04-30 13:46:35]   - 保存数据: 冷冻区1-1-B | 1-1-B-01 | Temp=-19.8 | Time=2026-04-30 13:30:02
[2026-04-30 13:46:35]     [ALARM] 触发报警: 电池低电量报警 (当前: 88%, 阈值: 20%)
[2026-04-30 13:46:35]   - 保存数据: 冷冻区1-1-B | 1-1-B-02 | Temp=-19.1 | Time=2026-04-30 13:45:58
[2026-04-30 13:46:35]     [ALARM] 触发报警: 电池低电量报警 (当前: 88%, 阈值: 20%)
[2026-04-30 13:46:35]   - 保存数据: 冷冻区1-1-C | 1-1-C-01 | Temp=-19.2 | Time=2026-04-30 13:34:39
[2026-04-30 13:46:35]     [ALARM] 触发报警: 电池低电量报警 (当前: 88%, 阈值: 20%)
[2026-04-30 13:46:36]   - 保存数据: 冷冻区1-1-C | 1-1-C-02 | Temp=-19.2 | Time=2026-04-30 13:32:13
[2026-04-30 13:46:36] 成功保存 6 条监测点数据
[2026-04-30 13:51:36] 发起请求, 接口: https://api.e6yun.com/public/v4/BL-MODULE-COLD-CHAIN-WEB/api/cold/storageTempHum/getStorageTempHum
[2026-04-30 13:51:36] 数据采集成功，获取到 3 个区位的数据
[2026-04-30 13:51:36]     [ALARM] 触发报警: 库温过高报警 (当前: -15.8degC, 阈值: -19degC)
[2026-04-30 13:51:36]     [ALARM] 触发报警: 电池低电量报警 (当前: 88%, 阈值: 20%)
[2026-04-30 13:51:36]   - 保存数据: 冷冻区1-1-A | 1-1-A-01 | Temp=-15.8 | Time=2026-04-30 13:42:57
[2026-04-30 13:51:36]     [ALARM] 触发报警: 库温过高报警 (当前: -16.3degC, 阈值: -19degC)
[2026-04-30 13:51:36]     [ALARM] 触发报警: 电池低电量报警 (当前: 88%, 阈值: 20%)
[2026-04-30 13:51:36]   - 保存数据: 冷冻区1-1-A | 1-1-A-02 | Temp=-16.3 | Time=2026-04-30 13:37:47
[2026-04-30 13:51:36]     [ALARM] 触发报警: 电池低电量报警 (当前: 88%, 阈值: 20%)
[2026-04-30 13:51:36]   - 保存数据: 冷冻区1-1-B | 1-1-B-01 | Temp=-19.5 | Time=2026-04-30 13:45:02
[2026-04-30 13:51:36]     [ALARM] 触发报警: 电池低电量报警 (当前: 88%, 阈值: 20%)
[2026-04-30 13:51:36]   - 保存数据: 冷冻区1-1-B | 1-1-B-02 | Temp=-19.1 | Time=2026-04-30 13:45:58
[2026-04-30 13:51:36]     [ALARM] 触发报警: 电池低电量报警 (当前: 88%, 阈值: 20%)
[2026-04-30 13:51:36]   - 保存数据: 冷冻区1-1-C | 1-1-C-01 | Temp=-19.2 | Time=2026-04-30 13:49:39
[2026-04-30 13:51:36]     [ALARM] 触发报警: 电池低电量报警 (当前: 88%, 阈值: 20%)
[2026-04-30 13:51:36]   - 保存数据: 冷冻区1-1-C | 1-1-C-02 | Temp=-19.2 | Time=2026-04-30 13:47:13
[2026-04-30 13:51:36] 成功保存 6 条监测点数据
[2026-04-30 13:56:36] 发起请求, 接口: https://api.e6yun.com/public/v4/BL-MODULE-COLD-CHAIN-WEB/api/cold/storageTempHum/getStorageTempHum
[2026-04-30 13:56:36] 数据采集成功，获取到 3 个区位的数据
[2026-04-30 13:56:36]     [ALARM] 触发报警: 库温过高报警 (当前: -15.8degC, 阈值: -19degC)
[2026-04-30 13:56:36]     [ALARM] 触发报警: 电池低电量报警 (当前: 88%, 阈值: 20%)
[2026-04-30 13:56:36]   - 保存数据: 冷冻区1-1-A | 1-1-A-01 | Temp=-15.8 | Time=2026-04-30 13:42:57
[2026-04-30 13:56:36]     [ALARM] 触发报警: 库温过高报警 (当前: -16.3degC, 阈值: -19degC)
[2026-04-30 13:56:37]     [ALARM] 触发报警: 电池低电量报警 (当前: 88%, 阈值: 20%)
[2026-04-30 13:56:37]   - 保存数据: 冷冻区1-1-A | 1-1-A-02 | Temp=-16.3 | Time=2026-04-30 13:52:47
[2026-04-30 13:56:37]     [ALARM] 触发报警: 电池低电量报警 (当前: 88%, 阈值: 20%)
[2026-04-30 13:56:37]   - 保存数据: 冷冻区1-1-B | 1-1-B-01 | Temp=-19.5 | Time=2026-04-30 13:45:02
[2026-04-30 13:56:37]     [ALARM] 触发报警: 电池低电量报警 (当前: 88%, 阈值: 20%)
[2026-04-30 13:56:37]   - 保存数据: 冷冻区1-1-B | 1-1-B-02 | Temp=-19.1 | Time=2026-04-30 13:45:58
[2026-04-30 13:56:37]     [ALARM] 触发报警: 电池低电量报警 (当前: 88%, 阈值: 20%)
[2026-04-30 13:56:37]   - 保存数据: 冷冻区1-1-C | 1-1-C-01 | Temp=-19.2 | Time=2026-04-30 13:49:39
[2026-04-30 13:56:37]     [ALARM] 触发报警: 电池低电量报警 (当前: 88%, 阈值: 20%)
[2026-04-30 13:56:37]   - 保存数据: 冷冻区1-1-C | 1-1-C-02 | Temp=-19.2 | Time=2026-04-30 13:47:13
[2026-04-30 13:56:37] 成功保存 6 条监测点数据
[2026-04-30 14:01:37] 发起请求, 接口: https://api.e6yun.com/public/v4/BL-MODULE-COLD-CHAIN-WEB/api/cold/storageTempHum/getStorageTempHum
[2026-04-30 14:01:37] 数据采集成功，获取到 3 个区位的数据
[2026-04-30 14:01:37]     [ALARM] 触发报警: 库温过高报警 (当前: -15.7degC, 阈值: -19degC)
[2026-04-30 14:01:37]     [ALARM] 触发报警: 电池低电量报警 (当前: 88%, 阈值: 20%)
[2026-04-30 14:01:37]   - 保存数据: 冷冻区1-1-A | 1-1-A-01 | Temp=-15.7 | Time=2026-04-30 13:57:57
[2026-04-30 14:01:37]     [ALARM] 触发报警: 库温过高报警 (当前: -16.3degC, 阈值: -19degC)
[2026-04-30 14:01:37]     [ALARM] 触发报警: 电池低电量报警 (当前: 88%, 阈值: 20%)
[2026-04-30 14:01:37]   - 保存数据: 冷冻区1-1-A | 1-1-A-02 | Temp=-16.3 | Time=2026-04-30 13:52:47
[2026-04-30 14:01:37]     [ALARM] 触发报警: 电池低电量报警 (当前: 88%, 阈值: 20%)
[2026-04-30 14:01:37]   - 保存数据: 冷冻区1-1-B | 1-1-B-01 | Temp=-19.5 | Time=2026-04-30 13:45:02
[2026-04-30 14:01:37]     [ALARM] 触发报警: 电池低电量报警 (当前: 88%, 阈值: 20%)
[2026-04-30 14:01:37]   - 保存数据: 冷冻区1-1-B | 1-1-B-02 | Temp=-19.0 | Time=2026-04-30 14:00:58
[2026-04-30 14:01:37]     [ALARM] 触发报警: 电池低电量报警 (当前: 88%, 阈值: 20%)
[2026-04-30 14:01:37]   - 保存数据: 冷冻区1-1-C | 1-1-C-01 | Temp=-19.2 | Time=2026-04-30 13:49:39
[2026-04-30 14:01:37]     [ALARM] 触发报警: 电池低电量报警 (当前: 88%, 阈值: 20%)
[2026-04-30 14:01:37]   - 保存数据: 冷冻区1-1-C | 1-1-C-02 | Temp=-19.2 | Time=2026-04-30 13:47:13
[2026-04-30 14:01:37] 成功保存 6 条监测点数据
[2026-04-30 14:06:37] 发起请求, 接口: https://api.e6yun.com/public/v4/BL-MODULE-COLD-CHAIN-WEB/api/cold/storageTempHum/getStorageTempHum
[2026-04-30 14:06:37] 数据采集成功，获取到 3 个区位的数据
[2026-04-30 14:06:37]     [ALARM] 触发报警: 库温过高报警 (当前: -15.7degC, 阈值: -19degC)
[2026-04-30 14:06:37]     [ALARM] 触发报警: 电池低电量报警 (当前: 88%, 阈值: 20%)
[2026-04-30 14:06:37]   - 保存数据: 冷冻区1-1-A | 1-1-A-01 | Temp=-15.7 | Time=2026-04-30 13:57:57
[2026-04-30 14:06:37]     [ALARM] 触发报警: 库温过高报警 (当前: -16.3degC, 阈值: -19degC)
[2026-04-30 14:06:37]     [ALARM] 触发报警: 电池低电量报警 (当前: 88%, 阈值: 20%)
[2026-04-30 14:06:37]   - 保存数据: 冷冻区1-1-A | 1-1-A-02 | Temp=-16.3 | Time=2026-04-30 13:52:47
[2026-04-30 14:06:37]     [ALARM] 触发报警: 电池低电量报警 (当前: 88%, 阈值: 20%)
[2026-04-30 14:06:38]   - 保存数据: 冷冻区1-1-B | 1-1-B-01 | Temp=-19.3 | Time=2026-04-30 14:00:02
[2026-04-30 14:06:38]     [ALARM] 触发报警: 电池低电量报警 (当前: 88%, 阈值: 20%)
[2026-04-30 14:06:38]   - 保存数据: 冷冻区1-1-B | 1-1-B-02 | Temp=-19.0 | Time=2026-04-30 14:00:58
[2026-04-30 14:06:38]     [ALARM] 触发报警: 电池低电量报警 (当前: 88%, 阈值: 20%)
[2026-04-30 14:06:38]   - 保存数据: 冷冻区1-1-C | 1-1-C-01 | Temp=-19.2 | Time=2026-04-30 14:04:39
[2026-04-30 14:06:38]     [ALARM] 触发报警: 电池低电量报警 (当前: 88%, 阈值: 20%)
[2026-04-30 14:06:38]   - 保存数据: 冷冻区1-1-C | 1-1-C-02 | Temp=-19.2 | Time=2026-04-30 14:02:13
[2026-04-30 14:06:38] 成功保存 6 条监测点数据
[2026-04-30 14:11:38] 发起请求, 接口: https://api.e6yun.com/public/v4/BL-MODULE-COLD-CHAIN-WEB/api/cold/storageTempHum/getStorageTempHum
[2026-04-30 14:11:38] 数据采集成功，获取到 3 个区位的数据
[2026-04-30 14:11:38]     [ALARM] 触发报警: 库温过高报警 (当前: -15.7degC, 阈值: -19degC)
[2026-04-30 14:11:38]     [ALARM] 触发报警: 电池低电量报警 (当前: 88%, 阈值: 20%)
[2026-04-30 14:11:38]   - 保存数据: 冷冻区1-1-A | 1-1-A-01 | Temp=-15.7 | Time=2026-04-30 13:57:57
[2026-04-30 14:11:38]     [ALARM] 触发报警: 库温过高报警 (当前: -16.3degC, 阈值: -19degC)
[2026-04-30 14:11:38]     [ALARM] 触发报警: 电池低电量报警 (当前: 88%, 阈值: 20%)
[2026-04-30 14:11:38]   - 保存数据: 冷冻区1-1-A | 1-1-A-02 | Temp=-16.3 | Time=2026-04-30 14:07:47
[2026-04-30 14:11:38]     [ALARM] 触发报警: 电池低电量报警 (当前: 88%, 阈值: 20%)
[2026-04-30 14:11:38]   - 保存数据: 冷冻区1-1-B | 1-1-B-01 | Temp=-19.3 | Time=2026-04-30 14:00:02
[2026-04-30 14:11:38]     [ALARM] 触发报警: 电池低电量报警 (当前: 88%, 阈值: 20%)
[2026-04-30 14:11:38]   - 保存数据: 冷冻区1-1-B | 1-1-B-02 | Temp=-19.0 | Time=2026-04-30 14:00:58
[2026-04-30 14:11:38]     [ALARM] 触发报警: 电池低电量报警 (当前: 88%, 阈值: 20%)
[2026-04-30 14:11:38]   - 保存数据: 冷冻区1-1-C | 1-1-C-01 | Temp=-19.2 | Time=2026-04-30 14:04:39
[2026-04-30 14:11:38]     [ALARM] 触发报警: 电池低电量报警 (当前: 88%, 阈值: 20%)
[2026-04-30 14:11:38]   - 保存数据: 冷冻区1-1-C | 1-1-C-02 | Temp=-19.2 | Time=2026-04-30 14:02:13
[2026-04-30 14:11:38] 成功保存 6 条监测点数据
[2026-04-30 14:16:38] 发起请求, 接口: https://api.e6yun.com/public/v4/BL-MODULE-COLD-CHAIN-WEB/api/cold/storageTempHum/getStorageTempHum
[2026-04-30 14:16:38] 数据采集成功，获取到 3 个区位的数据
[2026-04-30 14:16:38]     [ALARM] 触发报警: 库温过高报警 (当前: -15.7degC, 阈值: -19degC)
[2026-04-30 14:16:39]     [ALARM] 触发报警: 电池低电量报警 (当前: 88%, 阈值: 20%)
[2026-04-30 14:16:39]   - 保存数据: 冷冻区1-1-A | 1-1-A-01 | Temp=-15.7 | Time=2026-04-30 14:12:57
[2026-04-30 14:16:39]     [ALARM] 触发报警: 库温过高报警 (当前: -16.3degC, 阈值: -19degC)
[2026-04-30 14:16:39]     [ALARM] 触发报警: 电池低电量报警 (当前: 88%, 阈值: 20%)
[2026-04-30 14:16:39]   - 保存数据: 冷冻区1-1-A | 1-1-A-02 | Temp=-16.3 | Time=2026-04-30 14:07:47
[2026-04-30 14:16:39]     [ALARM] 触发报警: 电池低电量报警 (当前: 88%, 阈值: 20%)
[2026-04-30 14:16:39]   - 保存数据: 冷冻区1-1-B | 1-1-B-01 | Temp=-19.3 | Time=2026-04-30 14:00:02
[2026-04-30 14:16:39]     [ALARM] 触发报警: 库温过高报警 (当前: -18.9degC, 阈值: -19degC)
[2026-04-30 14:16:39]     [ALARM] 触发报警: 电池低电量报警 (当前: 88%, 阈值: 20%)
[2026-04-30 14:16:39]   - 保存数据: 冷冻区1-1-B | 1-1-B-02 | Temp=-18.9 | Time=2026-04-30 14:15:58
[2026-04-30 14:16:39]     [ALARM] 触发报警: 电池低电量报警 (当前: 88%, 阈值: 20%)
[2026-04-30 14:16:39]   - 保存数据: 冷冻区1-1-C | 1-1-C-01 | Temp=-19.2 | Time=2026-04-30 14:04:39
[2026-04-30 14:16:39]     [ALARM] 触发报警: 电池低电量报警 (当前: 88%, 阈值: 20%)
[2026-04-30 14:16:39]   - 保存数据: 冷冻区1-1-C | 1-1-C-02 | Temp=-19.2 | Time=2026-04-30 14:02:13
[2026-04-30 14:16:39] 成功保存 6 条监测点数据
[2026-04-30 14:21:39] 发起请求, 接口: https://api.e6yun.com/public/v4/BL-MODULE-COLD-CHAIN-WEB/api/cold/storageTempHum/getStorageTempHum
[2026-04-30 14:21:39] 数据采集成功，获取到 3 个区位的数据
[2026-04-30 14:21:39]     [ALARM] 触发报警: 库温过高报警 (当前: -15.7degC, 阈值: -19degC)
[2026-04-30 14:21:39]     [ALARM] 触发报警: 电池低电量报警 (当前: 88%, 阈值: 20%)
[2026-04-30 14:21:39]   - 保存数据: 冷冻区1-1-A | 1-1-A-01 | Temp=-15.7 | Time=2026-04-30 14:12:57
[2026-04-30 14:21:39]     [ALARM] 触发报警: 库温过高报警 (当前: -16.3degC, 阈值: -19degC)
[2026-04-30 14:21:39]     [ALARM] 触发报警: 电池低电量报警 (当前: 88%, 阈值: 20%)
[2026-04-30 14:21:39]   - 保存数据: 冷冻区1-1-A | 1-1-A-02 | Temp=-16.3 | Time=2026-04-30 14:07:47
[2026-04-30 14:21:39]     [ALARM] 触发报警: 电池低电量报警 (当前: 88%, 阈值: 20%)
[2026-04-30 14:21:39]   - 保存数据: 冷冻区1-1-B | 1-1-B-01 | Temp=-19.2 | Time=2026-04-30 14:15:02
[2026-04-30 14:21:39]     [ALARM] 触发报警: 库温过高报警 (当前: -18.9degC, 阈值: -19degC)
[2026-04-30 14:21:39]     [ALARM] 触发报警: 电池低电量报警 (当前: 88%, 阈值: 20%)
[2026-04-30 14:21:39]   - 保存数据: 冷冻区1-1-B | 1-1-B-02 | Temp=-18.9 | Time=2026-04-30 14:15:58
[2026-04-30 14:21:39]     [ALARM] 触发报警: 电池低电量报警 (当前: 88%, 阈值: 20%)
[2026-04-30 14:21:39]   - 保存数据: 冷冻区1-1-C | 1-1-C-01 | Temp=-19.2 | Time=2026-04-30 14:19:39
[2026-04-30 14:21:39]     [ALARM] 触发报警: 电池低电量报警 (当前: 88%, 阈值: 20%)
[2026-04-30 14:21:39]   - 保存数据: 冷冻区1-1-C | 1-1-C-02 | Temp=-19.2 | Time=2026-04-30 14:17:13
[2026-04-30 14:21:39] 成功保存 6 条监测点数据
[2026-04-30 14:26:39] 发起请求, 接口: https://api.e6yun.com/public/v4/BL-MODULE-COLD-CHAIN-WEB/api/cold/storageTempHum/getStorageTempHum
[2026-04-30 14:26:39] 数据采集成功，获取到 3 个区位的数据
[2026-04-30 14:26:39]     [ALARM] 触发报警: 库温过高报警 (当前: -15.7degC, 阈值: -19degC)
[2026-04-30 14:26:40]     [ALARM] 触发报警: 电池低电量报警 (当前: 88%, 阈值: 20%)
[2026-04-30 14:26:40]   - 保存数据: 冷冻区1-1-A | 1-1-A-01 | Temp=-15.7 | Time=2026-04-30 14:12:57
[2026-04-30 14:26:40]     [ALARM] 触发报警: 库温过高报警 (当前: -16.2degC, 阈值: -19degC)
[2026-04-30 14:26:40]     [ALARM] 触发报警: 电池低电量报警 (当前: 88%, 阈值: 20%)
[2026-04-30 14:26:40]   - 保存数据: 冷冻区1-1-A | 1-1-A-02 | Temp=-16.2 | Time=2026-04-30 14:22:47
[2026-04-30 14:26:40]     [ALARM] 触发报警: 电池低电量报警 (当前: 88%, 阈值: 20%)
[2026-04-30 14:26:40]   - 保存数据: 冷冻区1-1-B | 1-1-B-01 | Temp=-19.2 | Time=2026-04-30 14:15:02
[2026-04-30 14:26:40]     [ALARM] 触发报警: 库温过高报警 (当前: -18.9degC, 阈值: -19degC)
[2026-04-30 14:26:40]     [ALARM] 触发报警: 电池低电量报警 (当前: 88%, 阈值: 20%)
[2026-04-30 14:26:40]   - 保存数据: 冷冻区1-1-B | 1-1-B-02 | Temp=-18.9 | Time=2026-04-30 14:15:58
[2026-04-30 14:26:40]     [ALARM] 触发报警: 电池低电量报警 (当前: 88%, 阈值: 20%)
[2026-04-30 14:26:40]   - 保存数据: 冷冻区1-1-C | 1-1-C-01 | Temp=-19.2 | Time=2026-04-30 14:19:39
[2026-04-30 14:26:40]     [ALARM] 触发报警: 电池低电量报警 (当前: 88%, 阈值: 20%)
[2026-04-30 14:26:40]   - 保存数据: 冷冻区1-1-C | 1-1-C-02 | Temp=-19.2 | Time=2026-04-30 14:17:13
[2026-04-30 14:26:40] 成功保存 6 条监测点数据
[2026-04-30 14:31:40] 发起请求, 接口: https://api.e6yun.com/public/v4/BL-MODULE-COLD-CHAIN-WEB/api/cold/storageTempHum/getStorageTempHum
[2026-04-30 14:31:40] 数据采集成功，获取到 3 个区位的数据
[2026-04-30 14:31:40]     [ALARM] 触发报警: 库温过高报警 (当前: -15.6degC, 阈值: -19degC)
[2026-04-30 14:31:40]     [ALARM] 触发报警: 电池低电量报警 (当前: 88%, 阈值: 20%)
[2026-04-30 14:31:40]   - 保存数据: 冷冻区1-1-A | 1-1-A-01 | Temp=-15.6 | Time=2026-04-30 14:27:57
[2026-04-30 14:31:40]     [ALARM] 触发报警: 库温过高报警 (当前: -16.2degC, 阈值: -19degC)
[2026-04-30 14:31:40]     [ALARM] 触发报警: 电池低电量报警 (当前: 88%, 阈值: 20%)
[2026-04-30 14:31:40]   - 保存数据: 冷冻区1-1-A | 1-1-A-02 | Temp=-16.2 | Time=2026-04-30 14:22:47
[2026-04-30 14:31:40]     [ALARM] 触发报警: 电池低电量报警 (当前: 88%, 阈值: 20%)
[2026-04-30 14:31:40]   - 保存数据: 冷冻区1-1-B | 1-1-B-01 | Temp=-19.2 | Time=2026-04-30 14:15:02
[2026-04-30 14:31:40]     [ALARM] 触发报警: 库温过高报警 (当前: -18.8degC, 阈值: -19degC)
[2026-04-30 14:31:40]     [ALARM] 触发报警: 电池低电量报警 (当前: 88%, 阈值: 20%)
[2026-04-30 14:31:40]   - 保存数据: 冷冻区1-1-B | 1-1-B-02 | Temp=-18.8 | Time=2026-04-30 14:30:58
[2026-04-30 14:31:40]     [ALARM] 触发报警: 电池低电量报警 (当前: 88%, 阈值: 20%)
[2026-04-30 14:31:40]   - 保存数据: 冷冻区1-1-C | 1-1-C-01 | Temp=-19.2 | Time=2026-04-30 14:19:39
[2026-04-30 14:31:40]     [ALARM] 触发报警: 电池低电量报警 (当前: 88%, 阈值: 20%)
[2026-04-30 14:31:40]   - 保存数据: 冷冻区1-1-C | 1-1-C-02 | Temp=-19.2 | Time=2026-04-30 14:17:13
[2026-04-30 14:31:40] 成功保存 6 条监测点数据
[2026-04-30 14:36:40] 发起请求, 接口: https://api.e6yun.com/public/v4/BL-MODULE-COLD-CHAIN-WEB/api/cold/storageTempHum/getStorageTempHum
[2026-04-30 14:36:41] 数据采集成功，获取到 3 个区位的数据
[2026-04-30 14:36:41]     [ALARM] 触发报警: 库温过高报警 (当前: -15.6degC, 阈值: -19degC)
[2026-04-30 14:36:41]     [ALARM] 触发报警: 电池低电量报警 (当前: 88%, 阈值: 20%)
[2026-04-30 14:36:41]   - 保存数据: 冷冻区1-1-A | 1-1-A-01 | Temp=-15.6 | Time=2026-04-30 14:27:57
[2026-04-30 14:36:41]     [ALARM] 触发报警: 库温过高报警 (当前: -16.2degC, 阈值: -19degC)
[2026-04-30 14:36:41]     [ALARM] 触发报警: 电池低电量报警 (当前: 88%, 阈值: 20%)
[2026-04-30 14:36:41]   - 保存数据: 冷冻区1-1-A | 1-1-A-02 | Temp=-16.2 | Time=2026-04-30 14:22:47
[2026-04-30 14:36:41]     [ALARM] 触发报警: 电池低电量报警 (当前: 88%, 阈值: 20%)
[2026-04-30 14:36:41]   - 保存数据: 冷冻区1-1-B | 1-1-B-01 | Temp=-19.0 | Time=2026-04-30 14:30:02
[2026-04-30 14:36:41]     [ALARM] 触发报警: 库温过高报警 (当前: -18.8degC, 阈值: -19degC)
[2026-04-30 14:36:41]     [ALARM] 触发报警: 电池低电量报警 (当前: 88%, 阈值: 20%)
[2026-04-30 14:36:41]   - 保存数据: 冷冻区1-1-B | 1-1-B-02 | Temp=-18.8 | Time=2026-04-30 14:30:58
[2026-04-30 14:36:41]     [ALARM] 触发报警: 电池低电量报警 (当前: 88%, 阈值: 20%)
[2026-04-30 14:36:41]   - 保存数据: 冷冻区1-1-C | 1-1-C-01 | Temp=-19.2 | Time=2026-04-30 14:34:39
[2026-04-30 14:36:41]     [ALARM] 触发报警: 电池低电量报警 (当前: 88%, 阈值: 20%)
[2026-04-30 14:36:41]   - 保存数据: 冷冻区1-1-C | 1-1-C-02 | Temp=-19.2 | Time=2026-04-30 14:32:13
[2026-04-30 14:36:41] 成功保存 6 条监测点数据
[2026-04-30 14:41:41] 发起请求, 接口: https://api.e6yun.com/public/v4/BL-MODULE-COLD-CHAIN-WEB/api/cold/storageTempHum/getStorageTempHum
[2026-04-30 14:41:41] 数据采集成功，获取到 3 个区位的数据
[2026-04-30 14:41:41]     [ALARM] 触发报警: 库温过高报警 (当前: -15.6degC, 阈值: -19degC)
[2026-04-30 14:41:41]     [ALARM] 触发报警: 电池低电量报警 (当前: 88%, 阈值: 20%)
[2026-04-30 14:41:41]   - 保存数据: 冷冻区1-1-A | 1-1-A-01 | Temp=-15.6 | Time=2026-04-30 14:27:57
[2026-04-30 14:41:41]     [ALARM] 触发报警: 库温过高报警 (当前: -16.1degC, 阈值: -19degC)
[2026-04-30 14:41:41]     [ALARM] 触发报警: 电池低电量报警 (当前: 88%, 阈值: 20%)
[2026-04-30 14:41:41]   - 保存数据: 冷冻区1-1-A | 1-1-A-02 | Temp=-16.1 | Time=2026-04-30 14:37:47
[2026-04-30 14:41:41]     [ALARM] 触发报警: 电池低电量报警 (当前: 88%, 阈值: 20%)
[2026-04-30 14:41:41]   - 保存数据: 冷冻区1-1-B | 1-1-B-01 | Temp=-19.0 | Time=2026-04-30 14:30:02
[2026-04-30 14:41:41]     [ALARM] 触发报警: 库温过高报警 (当前: -18.8degC, 阈值: -19degC)
[2026-04-30 14:41:41]     [ALARM] 触发报警: 电池低电量报警 (当前: 88%, 阈值: 20%)
[2026-04-30 14:41:41]   - 保存数据: 冷冻区1-1-B | 1-1-B-02 | Temp=-18.8 | Time=2026-04-30 14:30:58
[2026-04-30 14:41:41]     [ALARM] 触发报警: 电池低电量报警 (当前: 88%, 阈值: 20%)
[2026-04-30 14:41:41]   - 保存数据: 冷冻区1-1-C | 1-1-C-01 | Temp=-19.2 | Time=2026-04-30 14:34:39
[2026-04-30 14:41:41]     [ALARM] 触发报警: 电池低电量报警 (当前: 88%, 阈值: 20%)
[2026-04-30 14:41:41]   - 保存数据: 冷冻区1-1-C | 1-1-C-02 | Temp=-19.2 | Time=2026-04-30 14:32:13
[2026-04-30 14:41:41] 成功保存 6 条监测点数据
[2026-04-30 14:46:41] 发起请求, 接口: https://api.e6yun.com/public/v4/BL-MODULE-COLD-CHAIN-WEB/api/cold/storageTempHum/getStorageTempHum
[2026-04-30 14:46:42] 数据采集成功，获取到 3 个区位的数据
[2026-04-30 14:46:42]     [ALARM] 触发报警: 库温过高报警 (当前: -15.5degC, 阈值: -19degC)
[2026-04-30 14:46:42]     [ALARM] 触发报警: 电池低电量报警 (当前: 88%, 阈值: 20%)
[2026-04-30 14:46:42]   - 保存数据: 冷冻区1-1-A | 1-1-A-01 | Temp=-15.5 | Time=2026-04-30 14:42:57
[2026-04-30 14:46:42]     [ALARM] 触发报警: 库温过高报警 (当前: -16.1degC, 阈值: -19degC)
[2026-04-30 14:46:42]     [ALARM] 触发报警: 电池低电量报警 (当前: 88%, 阈值: 20%)
[2026-04-30 14:46:42]   - 保存数据: 冷冻区1-1-A | 1-1-A-02 | Temp=-16.1 | Time=2026-04-30 14:37:47
[2026-04-30 14:46:42]     [ALARM] 触发报警: 电池低电量报警 (当前: 88%, 阈值: 20%)
[2026-04-30 14:46:42]   - 保存数据: 冷冻区1-1-B | 1-1-B-01 | Temp=-19.0 | Time=2026-04-30 14:30:02
[2026-04-30 14:46:42]     [ALARM] 触发报警: 库温过高报警 (当前: -18.8degC, 阈值: -19degC)
[2026-04-30 14:46:42]     [ALARM] 触发报警: 电池低电量报警 (当前: 88%, 阈值: 20%)
[2026-04-30 14:46:42]   - 保存数据: 冷冻区1-1-B | 1-1-B-02 | Temp=-18.8 | Time=2026-04-30 14:45:58
[2026-04-30 14:46:42]     [ALARM] 触发报警: 电池低电量报警 (当前: 88%, 阈值: 20%)
[2026-04-30 14:46:42]   - 保存数据: 冷冻区1-1-C | 1-1-C-01 | Temp=-19.2 | Time=2026-04-30 14:34:39
[2026-04-30 14:46:42]     [ALARM] 触发报警: 电池低电量报警 (当前: 88%, 阈值: 20%)
[2026-04-30 14:46:42]   - 保存数据: 冷冻区1-1-C | 1-1-C-02 | Temp=-19.2 | Time=2026-04-30 14:32:13
[2026-04-30 14:46:42] 成功保存 6 条监测点数据
[2026-04-30 14:51:42] 发起请求, 接口: https://api.e6yun.com/public/v4/BL-MODULE-COLD-CHAIN-WEB/api/cold/storageTempHum/getStorageTempHum
[2026-04-30 14:51:42] 数据采集成功，获取到 3 个区位的数据
[2026-04-30 14:51:42]     [ALARM] 触发报警: 库温过高报警 (当前: -15.5degC, 阈值: -19degC)
[2026-04-30 14:51:42]     [ALARM] 触发报警: 电池低电量报警 (当前: 88%, 阈值: 20%)
[2026-04-30 14:51:42]   - 保存数据: 冷冻区1-1-A | 1-1-A-01 | Temp=-15.5 | Time=2026-04-30 14:42:57
[2026-04-30 14:51:42]     [ALARM] 触发报警: 库温过高报警 (当前: -16.1degC, 阈值: -19degC)
[2026-04-30 14:51:42]     [ALARM] 触发报警: 电池低电量报警 (当前: 88%, 阈值: 20%)
[2026-04-30 14:51:42]   - 保存数据: 冷冻区1-1-A | 1-1-A-02 | Temp=-16.1 | Time=2026-04-30 14:37:47
[2026-04-30 14:51:42]     [ALARM] 触发报警: 库温过高报警 (当前: -18.9degC, 阈值: -19degC)
[2026-04-30 14:51:42]     [ALARM] 触发报警: 电池低电量报警 (当前: 88%, 阈值: 20%)
[2026-04-30 14:51:42]   - 保存数据: 冷冻区1-1-B | 1-1-B-01 | Temp=-18.9 | Time=2026-04-30 14:45:02
[2026-04-30 14:51:42]     [ALARM] 触发报警: 库温过高报警 (当前: -18.8degC, 阈值: -19degC)
[2026-04-30 14:51:42]     [ALARM] 触发报警: 电池低电量报警 (当前: 88%, 阈值: 20%)
[2026-04-30 14:51:42]   - 保存数据: 冷冻区1-1-B | 1-1-B-02 | Temp=-18.8 | Time=2026-04-30 14:45:58
[2026-04-30 14:51:42]     [ALARM] 触发报警: 电池低电量报警 (当前: 88%, 阈值: 20%)
[2026-04-30 14:51:42]   - 保存数据: 冷冻区1-1-C | 1-1-C-01 | Temp=-19.7 | Time=2026-04-30 14:49:39
[2026-04-30 14:51:42]     [ALARM] 触发报警: 电池低电量报警 (当前: 88%, 阈值: 20%)
[2026-04-30 14:51:42]   - 保存数据: 冷冻区1-1-C | 1-1-C-02 | Temp=-19.7 | Time=2026-04-30 14:47:13
[2026-04-30 14:51:42] 成功保存 6 条监测点数据
[2026-04-30 14:56:42] 发起请求, 接口: https://api.e6yun.com/public/v4/BL-MODULE-COLD-CHAIN-WEB/api/cold/storageTempHum/getStorageTempHum
[2026-04-30 14:56:43] 数据采集成功，获取到 3 个区位的数据
[2026-04-30 14:56:43]     [ALARM] 触发报警: 库温过高报警 (当前: -15.5degC, 阈值: -19degC)
[2026-04-30 14:56:43]     [ALARM] 触发报警: 电池低电量报警 (当前: 88%, 阈值: 20%)
[2026-04-30 14:56:43]   - 保存数据: 冷冻区1-1-A | 1-1-A-01 | Temp=-15.5 | Time=2026-04-30 14:42:57
[2026-04-30 14:56:43]     [ALARM] 触发报警: 库温过高报警 (当前: -16.1degC, 阈值: -19degC)
[2026-04-30 14:56:43]     [ALARM] 触发报警: 电池低电量报警 (当前: 88%, 阈值: 20%)
[2026-04-30 14:56:43]   - 保存数据: 冷冻区1-1-A | 1-1-A-02 | Temp=-16.1 | Time=2026-04-30 14:52:47
[2026-04-30 14:56:43]     [ALARM] 触发报警: 库温过高报警 (当前: -18.9degC, 阈值: -19degC)
[2026-04-30 14:56:43]     [ALARM] 触发报警: 电池低电量报警 (当前: 88%, 阈值: 20%)
[2026-04-30 14:56:43]   - 保存数据: 冷冻区1-1-B | 1-1-B-01 | Temp=-18.9 | Time=2026-04-30 14:45:02
[2026-04-30 14:56:43]     [ALARM] 触发报警: 库温过高报警 (当前: -18.8degC, 阈值: -19degC)
[2026-04-30 14:56:43]     [ALARM] 触发报警: 电池低电量报警 (当前: 88%, 阈值: 20%)
[2026-04-30 14:56:43]   - 保存数据: 冷冻区1-1-B | 1-1-B-02 | Temp=-18.8 | Time=2026-04-30 14:45:58
[2026-04-30 14:56:43]     [ALARM] 触发报警: 电池低电量报警 (当前: 88%, 阈值: 20%)
[2026-04-30 14:56:43]   - 保存数据: 冷冻区1-1-C | 1-1-C-01 | Temp=-19.7 | Time=2026-04-30 14:49:39
[2026-04-30 14:56:43]     [ALARM] 触发报警: 电池低电量报警 (当前: 88%, 阈值: 20%)
[2026-04-30 14:56:43]   - 保存数据: 冷冻区1-1-C | 1-1-C-02 | Temp=-19.7 | Time=2026-04-30 14:47:13
[2026-04-30 14:56:43] 成功保存 6 条监测点数据
[2026-04-30 15:01:43] 发起请求, 接口: https://api.e6yun.com/public/v4/BL-MODULE-COLD-CHAIN-WEB/api/cold/storageTempHum/getStorageTempHum
[2026-04-30 15:01:43] 数据采集成功，获取到 3 个区位的数据
[2026-04-30 15:01:43]     [ALARM] 触发报警: 库温过高报警 (当前: -15.5degC, 阈值: -19degC)
[2026-04-30 15:01:43]     [ALARM] 触发报警: 电池低电量报警 (当前: 88%, 阈值: 20%)
[2026-04-30 15:01:43]   - 保存数据: 冷冻区1-1-A | 1-1-A-01 | Temp=-15.5 | Time=2026-04-30 14:57:57
[2026-04-30 15:01:43]     [ALARM] 触发报警: 库温过高报警 (当前: -16.1degC, 阈值: -19degC)
[2026-04-30 15:01:43]     [ALARM] 触发报警: 电池低电量报警 (当前: 88%, 阈值: 20%)
[2026-04-30 15:01:43]   - 保存数据: 冷冻区1-1-A | 1-1-A-02 | Temp=-16.1 | Time=2026-04-30 14:52:47
[2026-04-30 15:01:43]     [ALARM] 触发报警: 库温过高报警 (当前: -18.9degC, 阈值: -19degC)
[2026-04-30 15:01:43]     [ALARM] 触发报警: 电池低电量报警 (当前: 88%, 阈值: 20%)
[2026-04-30 15:01:43]   - 保存数据: 冷冻区1-1-B | 1-1-B-01 | Temp=-18.9 | Time=2026-04-30 14:45:02
[2026-04-30 15:01:43]     [ALARM] 触发报警: 库温过高报警 (当前: -18.7degC, 阈值: -19degC)
[2026-04-30 15:01:43]     [ALARM] 触发报警: 电池低电量报警 (当前: 88%, 阈值: 20%)
[2026-04-30 15:01:43]   - 保存数据: 冷冻区1-1-B | 1-1-B-02 | Temp=-18.7 | Time=2026-04-30 15:00:58
[2026-04-30 15:01:43]     [ALARM] 触发报警: 电池低电量报警 (当前: 88%, 阈值: 20%)
[2026-04-30 15:01:43]   - 保存数据: 冷冻区1-1-C | 1-1-C-01 | Temp=-19.7 | Time=2026-04-30 14:49:39
[2026-04-30 15:01:43]     [ALARM] 触发报警: 电池低电量报警 (当前: 88%, 阈值: 20%)
[2026-04-30 15:01:43]   - 保存数据: 冷冻区1-1-C | 1-1-C-02 | Temp=-19.7 | Time=2026-04-30 14:47:13
[2026-04-30 15:01:43] 成功保存 6 条监测点数据
[2026-04-30 15:06:43] 发起请求, 接口: https://api.e6yun.com/public/v4/BL-MODULE-COLD-CHAIN-WEB/api/cold/storageTempHum/getStorageTempHum
[2026-04-30 15:06:44] 数据采集成功，获取到 3 个区位的数据
[2026-04-30 15:06:44]     [ALARM] 触发报警: 库温过高报警 (当前: -15.5degC, 阈值: -19degC)
[2026-04-30 15:06:44]     [ALARM] 触发报警: 电池低电量报警 (当前: 88%, 阈值: 20%)
[2026-04-30 15:06:44]   - 保存数据: 冷冻区1-1-A | 1-1-A-01 | Temp=-15.5 | Time=2026-04-30 14:57:57
[2026-04-30 15:06:44]     [ALARM] 触发报警: 库温过高报警 (当前: -16.1degC, 阈值: -19degC)
[2026-04-30 15:06:44]     [ALARM] 触发报警: 电池低电量报警 (当前: 88%, 阈值: 20%)
[2026-04-30 15:06:44]   - 保存数据: 冷冻区1-1-A | 1-1-A-02 | Temp=-16.1 | Time=2026-04-30 14:52:47
[2026-04-30 15:06:44]     [ALARM] 触发报警: 库温过高报警 (当前: -18.8degC, 阈值: -19degC)
[2026-04-30 15:06:44]     [ALARM] 触发报警: 电池低电量报警 (当前: 88%, 阈值: 20%)
[2026-04-30 15:06:44]   - 保存数据: 冷冻区1-1-B | 1-1-B-01 | Temp=-18.8 | Time=2026-04-30 15:00:02
[2026-04-30 15:06:44]     [ALARM] 触发报警: 库温过高报警 (当前: -18.7degC, 阈值: -19degC)
[2026-04-30 15:06:44]     [ALARM] 触发报警: 电池低电量报警 (当前: 88%, 阈值: 20%)
[2026-04-30 15:06:44]   - 保存数据: 冷冻区1-1-B | 1-1-B-02 | Temp=-18.7 | Time=2026-04-30 15:00:58
[2026-04-30 15:06:44]     [ALARM] 触发报警: 电池低电量报警 (当前: 88%, 阈值: 20%)
[2026-04-30 15:06:44]   - 保存数据: 冷冻区1-1-C | 1-1-C-01 | Temp=-19.9 | Time=2026-04-30 15:04:39
[2026-04-30 15:06:44]     [ALARM] 触发报警: 电池低电量报警 (当前: 88%, 阈值: 20%)
[2026-04-30 15:06:44]   - 保存数据: 冷冻区1-1-C | 1-1-C-02 | Temp=-20.1 | Time=2026-04-30 15:02:13
[2026-04-30 15:06:44] 成功保存 6 条监测点数据
[2026-04-30 15:11:44] 发起请求, 接口: https://api.e6yun.com/public/v4/BL-MODULE-COLD-CHAIN-WEB/api/cold/storageTempHum/getStorageTempHum
[2026-04-30 15:11:44] 数据采集成功，获取到 3 个区位的数据
[2026-04-30 15:11:44]     [ALARM] 触发报警: 库温过高报警 (当前: -15.5degC, 阈值: -19degC)
[2026-04-30 15:11:44]     [ALARM] 触发报警: 电池低电量报警 (当前: 88%, 阈值: 20%)
[2026-04-30 15:11:44]   - 保存数据: 冷冻区1-1-A | 1-1-A-01 | Temp=-15.5 | Time=2026-04-30 14:57:57
[2026-04-30 15:11:44]     [ALARM] 触发报警: 库温过高报警 (当前: -16.1degC, 阈值: -19degC)
[2026-04-30 15:11:44]     [ALARM] 触发报警: 电池低电量报警 (当前: 88%, 阈值: 20%)
[2026-04-30 15:11:44]   - 保存数据: 冷冻区1-1-A | 1-1-A-02 | Temp=-16.1 | Time=2026-04-30 15:07:47
[2026-04-30 15:11:44]     [ALARM] 触发报警: 库温过高报警 (当前: -18.8degC, 阈值: -19degC)
[2026-04-30 15:11:44]     [ALARM] 触发报警: 电池低电量报警 (当前: 88%, 阈值: 20%)
[2026-04-30 15:11:44]   - 保存数据: 冷冻区1-1-B | 1-1-B-01 | Temp=-18.8 | Time=2026-04-30 15:00:02
[2026-04-30 15:11:44]     [ALARM] 触发报警: 库温过高报警 (当前: -18.7degC, 阈值: -19degC)
[2026-04-30 15:11:44]     [ALARM] 触发报警: 电池低电量报警 (当前: 88%, 阈值: 20%)
[2026-04-30 15:11:44]   - 保存数据: 冷冻区1-1-B | 1-1-B-02 | Temp=-18.7 | Time=2026-04-30 15:00:58
[2026-04-30 15:11:44]     [ALARM] 触发报警: 电池低电量报警 (当前: 88%, 阈值: 20%)
[2026-04-30 15:11:44]   - 保存数据: 冷冻区1-1-C | 1-1-C-01 | Temp=-19.9 | Time=2026-04-30 15:04:39
[2026-04-30 15:11:44]     [ALARM] 触发报警: 电池低电量报警 (当前: 88%, 阈值: 20%)
[2026-04-30 15:11:44]   - 保存数据: 冷冻区1-1-C | 1-1-C-02 | Temp=-20.1 | Time=2026-04-30 15:02:13
[2026-04-30 15:11:44] 成功保存 6 条监测点数据
[2026-04-30 15:16:44] 发起请求, 接口: https://api.e6yun.com/public/v4/BL-MODULE-COLD-CHAIN-WEB/api/cold/storageTempHum/getStorageTempHum
[2026-04-30 15:16:45] 数据采集成功，获取到 3 个区位的数据
[2026-04-30 15:16:45]     [ALARM] 触发报警: 库温过高报警 (当前: -15.4degC, 阈值: -19degC)
[2026-04-30 15:16:45]     [ALARM] 触发报警: 电池低电量报警 (当前: 88%, 阈值: 20%)
[2026-04-30 15:16:45]   - 保存数据: 冷冻区1-1-A | 1-1-A-01 | Temp=-15.4 | Time=2026-04-30 15:12:57
[2026-04-30 15:16:45]     [ALARM] 触发报警: 库温过高报警 (当前: -16.1degC, 阈值: -19degC)
[2026-04-30 15:16:45]     [ALARM] 触发报警: 电池低电量报警 (当前: 88%, 阈值: 20%)
[2026-04-30 15:16:45]   - 保存数据: 冷冻区1-1-A | 1-1-A-02 | Temp=-16.1 | Time=2026-04-30 15:07:47
[2026-04-30 15:16:45]     [ALARM] 触发报警: 库温过高报警 (当前: -18.8degC, 阈值: -19degC)
[2026-04-30 15:16:45]     [ALARM] 触发报警: 电池低电量报警 (当前: 88%, 阈值: 20%)
[2026-04-30 15:16:45]   - 保存数据: 冷冻区1-1-B | 1-1-B-01 | Temp=-18.8 | Time=2026-04-30 15:00:02
[2026-04-30 15:16:45]     [ALARM] 触发报警: 库温过高报警 (当前: -18.7degC, 阈值: -19degC)
[2026-04-30 15:16:45]     [ALARM] 触发报警: 电池低电量报警 (当前: 88%, 阈值: 20%)
[2026-04-30 15:16:45]   - 保存数据: 冷冻区1-1-B | 1-1-B-02 | Temp=-18.7 | Time=2026-04-30 15:15:58
[2026-04-30 15:16:45]     [ALARM] 触发报警: 电池低电量报警 (当前: 88%, 阈值: 20%)
[2026-04-30 15:16:45]   - 保存数据: 冷冻区1-1-C | 1-1-C-01 | Temp=-19.9 | Time=2026-04-30 15:04:39
[2026-04-30 15:16:45]     [ALARM] 触发报警: 电池低电量报警 (当前: 88%, 阈值: 20%)
[2026-04-30 15:16:45]   - 保存数据: 冷冻区1-1-C | 1-1-C-02 | Temp=-20.1 | Time=2026-04-30 15:02:13
[2026-04-30 15:16:45] 成功保存 6 条监测点数据
[2026-04-30 15:21:45] 发起请求, 接口: https://api.e6yun.com/public/v4/BL-MODULE-COLD-CHAIN-WEB/api/cold/storageTempHum/getStorageTempHum
[2026-04-30 15:21:45] 数据采集成功，获取到 3 个区位的数据
[2026-04-30 15:21:45]     [ALARM] 触发报警: 库温过高报警 (当前: -15.4degC, 阈值: -19degC)
[2026-04-30 15:21:45]     [ALARM] 触发报警: 电池低电量报警 (当前: 88%, 阈值: 20%)
[2026-04-30 15:21:45]   - 保存数据: 冷冻区1-1-A | 1-1-A-01 | Temp=-15.4 | Time=2026-04-30 15:12:57
[2026-04-30 15:21:45]     [ALARM] 触发报警: 库温过高报警 (当前: -16.1degC, 阈值: -19degC)
[2026-04-30 15:21:45]     [ALARM] 触发报警: 电池低电量报警 (当前: 88%, 阈值: 20%)
[2026-04-30 15:21:45]   - 保存数据: 冷冻区1-1-A | 1-1-A-02 | Temp=-16.1 | Time=2026-04-30 15:07:47
[2026-04-30 15:21:45]     [ALARM] 触发报警: 库温过高报警 (当前: -18.8degC, 阈值: -19degC)
[2026-04-30 15:21:45]     [ALARM] 触发报警: 电池低电量报警 (当前: 88%, 阈值: 20%)
[2026-04-30 15:21:45]   - 保存数据: 冷冻区1-1-B | 1-1-B-01 | Temp=-18.8 | Time=2026-04-30 15:15:02
[2026-04-30 15:21:45]     [ALARM] 触发报警: 库温过高报警 (当前: -18.7degC, 阈值: -19degC)
[2026-04-30 15:21:45]     [ALARM] 触发报警: 电池低电量报警 (当前: 88%, 阈值: 20%)
[2026-04-30 15:21:45]   - 保存数据: 冷冻区1-1-B | 1-1-B-02 | Temp=-18.7 | Time=2026-04-30 15:15:58
[2026-04-30 15:21:45]     [ALARM] 触发报警: 电池低电量报警 (当前: 88%, 阈值: 20%)
[2026-04-30 15:21:45]   - 保存数据: 冷冻区1-1-C | 1-1-C-01 | Temp=-19.8 | Time=2026-04-30 15:19:39
[2026-04-30 15:21:45]     [ALARM] 触发报警: 电池低电量报警 (当前: 88%, 阈值: 20%)
[2026-04-30 15:21:45]   - 保存数据: 冷冻区1-1-C | 1-1-C-02 | Temp=-20.0 | Time=2026-04-30 15:17:13
[2026-04-30 15:21:45] 成功保存 6 条监测点数据
[2026-04-30 15:26:45] 发起请求, 接口: https://api.e6yun.com/public/v4/BL-MODULE-COLD-CHAIN-WEB/api/cold/storageTempHum/getStorageTempHum
[2026-04-30 15:26:46] 数据采集成功，获取到 3 个区位的数据
[2026-04-30 15:26:46]     [ALARM] 触发报警: 库温过高报警 (当前: -15.4degC, 阈值: -19degC)
[2026-04-30 15:26:46]     [ALARM] 触发报警: 电池低电量报警 (当前: 88%, 阈值: 20%)
[2026-04-30 15:26:46]   - 保存数据: 冷冻区1-1-A | 1-1-A-01 | Temp=-15.4 | Time=2026-04-30 15:12:57
[2026-04-30 15:26:46]     [ALARM] 触发报警: 库温过高报警 (当前: -16.0degC, 阈值: -19degC)
[2026-04-30 15:26:46]     [ALARM] 触发报警: 电池低电量报警 (当前: 88%, 阈值: 20%)
[2026-04-30 15:26:46]   - 保存数据: 冷冻区1-1-A | 1-1-A-02 | Temp=-16.0 | Time=2026-04-30 15:22:47
[2026-04-30 15:26:46]     [ALARM] 触发报警: 库温过高报警 (当前: -18.8degC, 阈值: -19degC)
[2026-04-30 15:26:46]     [ALARM] 触发报警: 电池低电量报警 (当前: 88%, 阈值: 20%)
[2026-04-30 15:26:46]   - 保存数据: 冷冻区1-1-B | 1-1-B-01 | Temp=-18.8 | Time=2026-04-30 15:15:02
[2026-04-30 15:26:46]     [ALARM] 触发报警: 库温过高报警 (当前: -18.7degC, 阈值: -19degC)
[2026-04-30 15:26:46]     [ALARM] 触发报警: 电池低电量报警 (当前: 88%, 阈值: 20%)
[2026-04-30 15:26:46]   - 保存数据: 冷冻区1-1-B | 1-1-B-02 | Temp=-18.7 | Time=2026-04-30 15:15:58
[2026-04-30 15:26:46]     [ALARM] 触发报警: 电池低电量报警 (当前: 88%, 阈值: 20%)
[2026-04-30 15:26:46]   - 保存数据: 冷冻区1-1-C | 1-1-C-01 | Temp=-19.8 | Time=2026-04-30 15:19:39
[2026-04-30 15:26:46]     [ALARM] 触发报警: 电池低电量报警 (当前: 88%, 阈值: 20%)
[2026-04-30 15:26:46]   - 保存数据: 冷冻区1-1-C | 1-1-C-02 | Temp=-20.0 | Time=2026-04-30 15:17:13
[2026-04-30 15:26:46] 成功保存 6 条监测点数据
[2026-04-30 15:31:46] 发起请求, 接口: https://api.e6yun.com/public/v4/BL-MODULE-COLD-CHAIN-WEB/api/cold/storageTempHum/getStorageTempHum
[2026-04-30 15:31:46] 数据采集成功，获取到 3 个区位的数据
[2026-04-30 15:31:46]     [ALARM] 触发报警: 库温过高报警 (当前: -15.3degC, 阈值: -19degC)
[2026-04-30 15:31:46]     [ALARM] 触发报警: 电池低电量报警 (当前: 88%, 阈值: 20%)
[2026-04-30 15:31:46]   - 保存数据: 冷冻区1-1-A | 1-1-A-01 | Temp=-15.3 | Time=2026-04-30 15:27:57
[2026-04-30 15:31:46]     [ALARM] 触发报警: 库温过高报警 (当前: -16.0degC, 阈值: -19degC)
[2026-04-30 15:31:46]     [ALARM] 触发报警: 电池低电量报警 (当前: 88%, 阈值: 20%)
[2026-04-30 15:31:46]   - 保存数据: 冷冻区1-1-A | 1-1-A-02 | Temp=-16.0 | Time=2026-04-30 15:22:47
[2026-04-30 15:31:46]     [ALARM] 触发报警: 库温过高报警 (当前: -18.8degC, 阈值: -19degC)
[2026-04-30 15:31:46]     [ALARM] 触发报警: 电池低电量报警 (当前: 88%, 阈值: 20%)
[2026-04-30 15:31:46]   - 保存数据: 冷冻区1-1-B | 1-1-B-01 | Temp=-18.8 | Time=2026-04-30 15:15:02
[2026-04-30 15:31:46]     [ALARM] 触发报警: 电池低电量报警 (当前: 88%, 阈值: 20%)
[2026-04-30 15:31:46]   - 保存数据: 冷冻区1-1-B | 1-1-B-02 | Temp=-19.0 | Time=2026-04-30 15:30:58
[2026-04-30 15:31:46]     [ALARM] 触发报警: 电池低电量报警 (当前: 88%, 阈值: 20%)
[2026-04-30 15:31:46]   - 保存数据: 冷冻区1-1-C | 1-1-C-01 | Temp=-19.8 | Time=2026-04-30 15:19:39
[2026-04-30 15:31:46]     [ALARM] 触发报警: 电池低电量报警 (当前: 88%, 阈值: 20%)
[2026-04-30 15:31:46]   - 保存数据: 冷冻区1-1-C | 1-1-C-02 | Temp=-20.0 | Time=2026-04-30 15:17:13
[2026-04-30 15:31:46] 成功保存 6 条监测点数据
[2026-04-30 15:36:46] 发起请求, 接口: https://api.e6yun.com/public/v4/BL-MODULE-COLD-CHAIN-WEB/api/cold/storageTempHum/getStorageTempHum
[2026-04-30 15:36:47] 数据采集成功，获取到 3 个区位的数据
[2026-04-30 15:36:47]     [ALARM] 触发报警: 库温过高报警 (当前: -15.3degC, 阈值: -19degC)
[2026-04-30 15:36:47]     [ALARM] 触发报警: 电池低电量报警 (当前: 88%, 阈值: 20%)
[2026-04-30 15:36:47]   - 保存数据: 冷冻区1-1-A | 1-1-A-01 | Temp=-15.3 | Time=2026-04-30 15:27:57
[2026-04-30 15:36:47]     [ALARM] 触发报警: 库温过高报警 (当前: -16.0degC, 阈值: -19degC)
[2026-04-30 15:36:47]     [ALARM] 触发报警: 电池低电量报警 (当前: 88%, 阈值: 20%)
[2026-04-30 15:36:47]   - 保存数据: 冷冻区1-1-A | 1-1-A-02 | Temp=-16.0 | Time=2026-04-30 15:22:47
[2026-04-30 15:36:47]     [ALARM] 触发报警: 电池低电量报警 (当前: 88%, 阈值: 20%)
[2026-04-30 15:36:47]   - 保存数据: 冷冻区1-1-B | 1-1-B-01 | Temp=-19.4 | Time=2026-04-30 15:30:02
[2026-04-30 15:36:47]     [ALARM] 触发报警: 电池低电量报警 (当前: 88%, 阈值: 20%)
[2026-04-30 15:36:47]   - 保存数据: 冷冻区1-1-B | 1-1-B-02 | Temp=-19.0 | Time=2026-04-30 15:30:58
[2026-04-30 15:36:47]     [ALARM] 触发报警: 电池低电量报警 (当前: 88%, 阈值: 20%)
[2026-04-30 15:36:47]   - 保存数据: 冷冻区1-1-C | 1-1-C-01 | Temp=-19.7 | Time=2026-04-30 15:34:39
[2026-04-30 15:36:47]     [ALARM] 触发报警: 电池低电量报警 (当前: 88%, 阈值: 20%)
[2026-04-30 15:36:47]   - 保存数据: 冷冻区1-1-C | 1-1-C-02 | Temp=-19.8 | Time=2026-04-30 15:32:13
[2026-04-30 15:36:47] 成功保存 6 条监测点数据
[2026-04-30 15:41:47] 发起请求, 接口: https://api.e6yun.com/public/v4/BL-MODULE-COLD-CHAIN-WEB/api/cold/storageTempHum/getStorageTempHum
[2026-04-30 15:41:47] 数据采集成功，获取到 3 个区位的数据
[2026-04-30 15:41:47]     [ALARM] 触发报警: 库温过高报警 (当前: -15.3degC, 阈值: -19degC)
[2026-04-30 15:41:47]     [ALARM] 触发报警: 电池低电量报警 (当前: 88%, 阈值: 20%)
[2026-04-30 15:41:47]   - 保存数据: 冷冻区1-1-A | 1-1-A-01 | Temp=-15.3 | Time=2026-04-30 15:27:57
[2026-04-30 15:41:47]     [ALARM] 触发报警: 库温过高报警 (当前: -16.0degC, 阈值: -19degC)
[2026-04-30 15:41:47]     [ALARM] 触发报警: 电池低电量报警 (当前: 88%, 阈值: 20%)
[2026-04-30 15:41:47]   - 保存数据: 冷冻区1-1-A | 1-1-A-02 | Temp=-16.0 | Time=2026-04-30 15:37:47
[2026-04-30 15:41:47]     [ALARM] 触发报警: 电池低电量报警 (当前: 88%, 阈值: 20%)
[2026-04-30 15:41:47]   - 保存数据: 冷冻区1-1-B | 1-1-B-01 | Temp=-19.4 | Time=2026-04-30 15:30:02
[2026-04-30 15:41:47]     [ALARM] 触发报警: 电池低电量报警 (当前: 88%, 阈值: 20%)
[2026-04-30 15:41:47]   - 保存数据: 冷冻区1-1-B | 1-1-B-02 | Temp=-19.0 | Time=2026-04-30 15:30:58
[2026-04-30 15:41:47]     [ALARM] 触发报警: 电池低电量报警 (当前: 88%, 阈值: 20%)
[2026-04-30 15:41:47]   - 保存数据: 冷冻区1-1-C | 1-1-C-01 | Temp=-19.7 | Time=2026-04-30 15:34:39
[2026-04-30 15:41:47]     [ALARM] 触发报警: 电池低电量报警 (当前: 88%, 阈值: 20%)
[2026-04-30 15:41:47]   - 保存数据: 冷冻区1-1-C | 1-1-C-02 | Temp=-19.8 | Time=2026-04-30 15:32:13
[2026-04-30 15:41:47] 成功保存 6 条监测点数据
[2026-04-30 15:46:47] 发起请求, 接口: https://api.e6yun.com/public/v4/BL-MODULE-COLD-CHAIN-WEB/api/cold/storageTempHum/getStorageTempHum
[2026-04-30 15:46:47] 数据采集成功，获取到 3 个区位的数据
[2026-04-30 15:46:47]     [ALARM] 触发报警: 库温过高报警 (当前: -15.1degC, 阈值: -19degC)
[2026-04-30 15:46:48]     [ALARM] 触发报警: 电池低电量报警 (当前: 88%, 阈值: 20%)
[2026-04-30 15:46:48]   - 保存数据: 冷冻区1-1-A | 1-1-A-01 | Temp=-15.1 | Time=2026-04-30 15:42:57
[2026-04-30 15:46:48]     [ALARM] 触发报警: 库温过高报警 (当前: -16.0degC, 阈值: -19degC)
[2026-04-30 15:46:48]     [ALARM] 触发报警: 电池低电量报警 (当前: 88%, 阈值: 20%)
[2026-04-30 15:46:48]   - 保存数据: 冷冻区1-1-A | 1-1-A-02 | Temp=-16.0 | Time=2026-04-30 15:37:47
[2026-04-30 15:46:48]     [ALARM] 触发报警: 电池低电量报警 (当前: 88%, 阈值: 20%)
[2026-04-30 15:46:48]   - 保存数据: 冷冻区1-1-B | 1-1-B-01 | Temp=-19.4 | Time=2026-04-30 15:30:02
[2026-04-30 15:46:48]     [ALARM] 触发报警: 电池低电量报警 (当前: 88%, 阈值: 20%)
[2026-04-30 15:46:48]   - 保存数据: 冷冻区1-1-B | 1-1-B-02 | Temp=-19.3 | Time=2026-04-30 15:45:58
[2026-04-30 15:46:48]     [ALARM] 触发报警: 电池低电量报警 (当前: 88%, 阈值: 20%)
[2026-04-30 15:46:48]   - 保存数据: 冷冻区1-1-C | 1-1-C-01 | Temp=-19.7 | Time=2026-04-30 15:34:39
[2026-04-30 15:46:48]     [ALARM] 触发报警: 电池低电量报警 (当前: 88%, 阈值: 20%)
[2026-04-30 15:46:48]   - 保存数据: 冷冻区1-1-C | 1-1-C-02 | Temp=-19.8 | Time=2026-04-30 15:32:13
[2026-04-30 15:46:48] 成功保存 6 条监测点数据
[2026-04-30 15:51:48] 发起请求, 接口: https://api.e6yun.com/public/v4/BL-MODULE-COLD-CHAIN-WEB/api/cold/storageTempHum/getStorageTempHum
[2026-04-30 15:51:48] 数据采集成功，获取到 3 个区位的数据
[2026-04-30 15:51:48]     [ALARM] 触发报警: 库温过高报警 (当前: -15.1degC, 阈值: -19degC)
[2026-04-30 15:51:48]     [ALARM] 触发报警: 电池低电量报警 (当前: 88%, 阈值: 20%)
[2026-04-30 15:51:48]   - 保存数据: 冷冻区1-1-A | 1-1-A-01 | Temp=-15.1 | Time=2026-04-30 15:42:57
[2026-04-30 15:51:48]     [ALARM] 触发报警: 库温过高报警 (当前: -16.0degC, 阈值: -19degC)
[2026-04-30 15:51:48]     [ALARM] 触发报警: 电池低电量报警 (当前: 88%, 阈值: 20%)
[2026-04-30 15:51:48]   - 保存数据: 冷冻区1-1-A | 1-1-A-02 | Temp=-16.0 | Time=2026-04-30 15:37:47
[2026-04-30 15:51:48]     [ALARM] 触发报警: 电池低电量报警 (当前: 88%, 阈值: 20%)
[2026-04-30 15:51:48]   - 保存数据: 冷冻区1-1-B | 1-1-B-01 | Temp=-19.7 | Time=2026-04-30 15:45:02
[2026-04-30 15:51:48]     [ALARM] 触发报警: 电池低电量报警 (当前: 88%, 阈值: 20%)
[2026-04-30 15:51:48]   - 保存数据: 冷冻区1-1-B | 1-1-B-02 | Temp=-19.3 | Time=2026-04-30 15:45:58
[2026-04-30 15:51:48]     [ALARM] 触发报警: 电池低电量报警 (当前: 88%, 阈值: 20%)
[2026-04-30 15:51:48]   - 保存数据: 冷冻区1-1-C | 1-1-C-01 | Temp=-19.6 | Time=2026-04-30 15:49:39
[2026-04-30 15:51:48]     [ALARM] 触发报警: 电池低电量报警 (当前: 88%, 阈值: 20%)
[2026-04-30 15:51:48]   - 保存数据: 冷冻区1-1-C | 1-1-C-02 | Temp=-19.8 | Time=2026-04-30 15:47:13
[2026-04-30 15:51:48] 成功保存 6 条监测点数据
[2026-04-30 15:56:48] 发起请求, 接口: https://api.e6yun.com/public/v4/BL-MODULE-COLD-CHAIN-WEB/api/cold/storageTempHum/getStorageTempHum
[2026-04-30 15:56:48] 数据采集成功，获取到 3 个区位的数据
[2026-04-30 15:56:48]     [ALARM] 触发报警: 库温过高报警 (当前: -15.1degC, 阈值: -19degC)
[2026-04-30 15:56:48]     [ALARM] 触发报警: 电池低电量报警 (当前: 88%, 阈值: 20%)
[2026-04-30 15:56:48]   - 保存数据: 冷冻区1-1-A | 1-1-A-01 | Temp=-15.1 | Time=2026-04-30 15:42:57
[2026-04-30 15:56:48]     [ALARM] 触发报警: 库温过高报警 (当前: -16.0degC, 阈值: -19degC)
[2026-04-30 15:56:48]     [ALARM] 触发报警: 电池低电量报警 (当前: 88%, 阈值: 20%)
[2026-04-30 15:56:48]   - 保存数据: 冷冻区1-1-A | 1-1-A-02 | Temp=-16.0 | Time=2026-04-30 15:52:47
[2026-04-30 15:56:48]     [ALARM] 触发报警: 电池低电量报警 (当前: 88%, 阈值: 20%)
[2026-04-30 15:56:48]   - 保存数据: 冷冻区1-1-B | 1-1-B-01 | Temp=-19.7 | Time=2026-04-30 15:45:02
[2026-04-30 15:56:48]     [ALARM] 触发报警: 电池低电量报警 (当前: 88%, 阈值: 20%)
[2026-04-30 15:56:48]   - 保存数据: 冷冻区1-1-B | 1-1-B-02 | Temp=-19.3 | Time=2026-04-30 15:45:58
[2026-04-30 15:56:48]     [ALARM] 触发报警: 电池低电量报警 (当前: 88%, 阈值: 20%)
[2026-04-30 15:56:49]   - 保存数据: 冷冻区1-1-C | 1-1-C-01 | Temp=-19.6 | Time=2026-04-30 15:49:39
[2026-04-30 15:56:49]     [ALARM] 触发报警: 电池低电量报警 (当前: 88%, 阈值: 20%)
[2026-04-30 15:56:49]   - 保存数据: 冷冻区1-1-C | 1-1-C-02 | Temp=-19.8 | Time=2026-04-30 15:47:13
[2026-04-30 15:56:49] 成功保存 6 条监测点数据
[2026-04-30 16:01:49] 发起请求, 接口: https://api.e6yun.com/public/v4/BL-MODULE-COLD-CHAIN-WEB/api/cold/storageTempHum/getStorageTempHum
[2026-04-30 16:01:49] 数据采集成功，获取到 3 个区位的数据
[2026-04-30 16:01:49]     [ALARM] 触发报警: 库温过高报警 (当前: -15.3degC, 阈值: -19degC)
[2026-04-30 16:01:49]     [ALARM] 触发报警: 电池低电量报警 (当前: 88%, 阈值: 20%)
[2026-04-30 16:01:49]   - 保存数据: 冷冻区1-1-A | 1-1-A-01 | Temp=-15.3 | Time=2026-04-30 15:57:57
[2026-04-30 16:01:49]     [ALARM] 触发报警: 库温过高报警 (当前: -16.0degC, 阈值: -19degC)
[2026-04-30 16:01:49]     [ALARM] 触发报警: 电池低电量报警 (当前: 88%, 阈值: 20%)
[2026-04-30 16:01:49]   - 保存数据: 冷冻区1-1-A | 1-1-A-02 | Temp=-16.0 | Time=2026-04-30 15:52:47
[2026-04-30 16:01:49]     [ALARM] 触发报警: 电池低电量报警 (当前: 88%, 阈值: 20%)
[2026-04-30 16:01:49]   - 保存数据: 冷冻区1-1-B | 1-1-B-01 | Temp=-19.7 | Time=2026-04-30 15:45:02
[2026-04-30 16:01:49]     [ALARM] 触发报警: 电池低电量报警 (当前: 88%, 阈值: 20%)
[2026-04-30 16:01:49]   - 保存数据: 冷冻区1-1-B | 1-1-B-02 | Temp=-19.2 | Time=2026-04-30 16:00:58
[2026-04-30 16:01:49]     [ALARM] 触发报警: 电池低电量报警 (当前: 88%, 阈值: 20%)
[2026-04-30 16:01:49]   - 保存数据: 冷冻区1-1-C | 1-1-C-01 | Temp=-19.6 | Time=2026-04-30 15:49:39
[2026-04-30 16:01:49]     [ALARM] 触发报警: 电池低电量报警 (当前: 88%, 阈值: 20%)
[2026-04-30 16:01:49]   - 保存数据: 冷冻区1-1-C | 1-1-C-02 | Temp=-19.8 | Time=2026-04-30 15:47:13
[2026-04-30 16:01:49] 成功保存 6 条监测点数据
[2026-04-30 16:06:49] 发起请求, 接口: https://api.e6yun.com/public/v4/BL-MODULE-COLD-CHAIN-WEB/api/cold/storageTempHum/getStorageTempHum
[2026-04-30 16:06:49] 数据采集成功，获取到 3 个区位的数据
[2026-04-30 16:06:49]     [ALARM] 触发报警: 库温过高报警 (当前: -15.3degC, 阈值: -19degC)
[2026-04-30 16:06:49]     [ALARM] 触发报警: 电池低电量报警 (当前: 88%, 阈值: 20%)
[2026-04-30 16:06:49]   - 保存数据: 冷冻区1-1-A | 1-1-A-01 | Temp=-15.3 | Time=2026-04-30 15:57:57
[2026-04-30 16:06:49]     [ALARM] 触发报警: 库温过高报警 (当前: -16.0degC, 阈值: -19degC)
[2026-04-30 16:06:49]     [ALARM] 触发报警: 电池低电量报警 (当前: 88%, 阈值: 20%)
[2026-04-30 16:06:49]   - 保存数据: 冷冻区1-1-A | 1-1-A-02 | Temp=-16.0 | Time=2026-04-30 15:52:47
[2026-04-30 16:06:49]     [ALARM] 触发报警: 电池低电量报警 (当前: 88%, 阈值: 20%)
[2026-04-30 16:06:49]   - 保存数据: 冷冻区1-1-B | 1-1-B-01 | Temp=-19.7 | Time=2026-04-30 16:00:02
[2026-04-30 16:06:49]     [ALARM] 触发报警: 电池低电量报警 (当前: 88%, 阈值: 20%)
[2026-04-30 16:06:49]   - 保存数据: 冷冻区1-1-B | 1-1-B-02 | Temp=-19.2 | Time=2026-04-30 16:00:58
[2026-04-30 16:06:49]     [ALARM] 触发报警: 电池低电量报警 (当前: 88%, 阈值: 20%)
[2026-04-30 16:06:49]   - 保存数据: 冷冻区1-1-C | 1-1-C-01 | Temp=-19.5 | Time=2026-04-30 16:04:39
[2026-04-30 16:06:49]     [ALARM] 触发报警: 电池低电量报警 (当前: 88%, 阈值: 20%)
[2026-04-30 16:06:49]   - 保存数据: 冷冻区1-1-C | 1-1-C-02 | Temp=-19.7 | Time=2026-04-30 16:02:13
[2026-04-30 16:06:49] 成功保存 6 条监测点数据
[2026-04-30 16:11:49] 发起请求, 接口: https://api.e6yun.com/public/v4/BL-MODULE-COLD-CHAIN-WEB/api/cold/storageTempHum/getStorageTempHum
[2026-04-30 16:11:50] 数据采集成功，获取到 3 个区位的数据
[2026-04-30 16:11:50]     [ALARM] 触发报警: 库温过高报警 (当前: -15.3degC, 阈值: -19degC)
[2026-04-30 16:11:50]     [ALARM] 触发报警: 电池低电量报警 (当前: 88%, 阈值: 20%)
[2026-04-30 16:11:50]   - 保存数据: 冷冻区1-1-A | 1-1-A-01 | Temp=-15.3 | Time=2026-04-30 15:57:57
[2026-04-30 16:11:50]     [ALARM] 触发报警: 库温过高报警 (当前: -16.0degC, 阈值: -19degC)
[2026-04-30 16:11:50]     [ALARM] 触发报警: 电池低电量报警 (当前: 88%, 阈值: 20%)
[2026-04-30 16:11:50]   - 保存数据: 冷冻区1-1-A | 1-1-A-02 | Temp=-16.0 | Time=2026-04-30 16:07:47
[2026-04-30 16:11:50]     [ALARM] 触发报警: 电池低电量报警 (当前: 88%, 阈值: 20%)
[2026-04-30 16:11:50]   - 保存数据: 冷冻区1-1-B | 1-1-B-01 | Temp=-19.7 | Time=2026-04-30 16:00:02
[2026-04-30 16:11:50]     [ALARM] 触发报警: 电池低电量报警 (当前: 88%, 阈值: 20%)
[2026-04-30 16:11:50]   - 保存数据: 冷冻区1-1-B | 1-1-B-02 | Temp=-19.2 | Time=2026-04-30 16:00:58
[2026-04-30 16:11:50]     [ALARM] 触发报警: 电池低电量报警 (当前: 88%, 阈值: 20%)
[2026-04-30 16:11:50]   - 保存数据: 冷冻区1-1-C | 1-1-C-01 | Temp=-19.5 | Time=2026-04-30 16:04:39
[2026-04-30 16:11:50]     [ALARM] 触发报警: 电池低电量报警 (当前: 88%, 阈值: 20%)
[2026-04-30 16:11:50]   - 保存数据: 冷冻区1-1-C | 1-1-C-02 | Temp=-19.7 | Time=2026-04-30 16:02:13
[2026-04-30 16:11:50] 成功保存 6 条监测点数据
[2026-04-30 16:16:50] 发起请求, 接口: https://api.e6yun.com/public/v4/BL-MODULE-COLD-CHAIN-WEB/api/cold/storageTempHum/getStorageTempHum
[2026-04-30 16:16:50] 数据采集成功，获取到 3 个区位的数据
[2026-04-30 16:16:50]     [ALARM] 触发报警: 库温过高报警 (当前: -15.3degC, 阈值: -19degC)
[2026-04-30 16:16:50]     [ALARM] 触发报警: 电池低电量报警 (当前: 88%, 阈值: 20%)
[2026-04-30 16:16:50]   - 保存数据: 冷冻区1-1-A | 1-1-A-01 | Temp=-15.3 | Time=2026-04-30 16:12:57
[2026-04-30 16:16:50]     [ALARM] 触发报警: 库温过高报警 (当前: -16.0degC, 阈值: -19degC)
[2026-04-30 16:16:50]     [ALARM] 触发报警: 电池低电量报警 (当前: 88%, 阈值: 20%)
[2026-04-30 16:16:50]   - 保存数据: 冷冻区1-1-A | 1-1-A-02 | Temp=-16.0 | Time=2026-04-30 16:07:47
[2026-04-30 16:16:50]     [ALARM] 触发报警: 电池低电量报警 (当前: 88%, 阈值: 20%)
[2026-04-30 16:16:50]   - 保存数据: 冷冻区1-1-B | 1-1-B-01 | Temp=-19.7 | Time=2026-04-30 16:00:02
[2026-04-30 16:16:50]     [ALARM] 触发报警: 电池低电量报警 (当前: 88%, 阈值: 20%)
[2026-04-30 16:16:50]   - 保存数据: 冷冻区1-1-B | 1-1-B-02 | Temp=-19.1 | Time=2026-04-30 16:15:58
[2026-04-30 16:16:50]     [ALARM] 触发报警: 电池低电量报警 (当前: 88%, 阈值: 20%)
[2026-04-30 16:16:50]   - 保存数据: 冷冻区1-1-C | 1-1-C-01 | Temp=-19.5 | Time=2026-04-30 16:04:39
[2026-04-30 16:16:50]     [ALARM] 触发报警: 电池低电量报警 (当前: 88%, 阈值: 20%)
[2026-04-30 16:16:50]   - 保存数据: 冷冻区1-1-C | 1-1-C-02 | Temp=-19.7 | Time=2026-04-30 16:02:13
[2026-04-30 16:16:50] 成功保存 6 条监测点数据
[2026-04-30 16:21:50] 发起请求, 接口: https://api.e6yun.com/public/v4/BL-MODULE-COLD-CHAIN-WEB/api/cold/storageTempHum/getStorageTempHum
[2026-04-30 16:21:50] 数据采集成功，获取到 3 个区位的数据
[2026-04-30 16:21:50]     [ALARM] 触发报警: 库温过高报警 (当前: -15.3degC, 阈值: -19degC)
[2026-04-30 16:21:51]     [ALARM] 触发报警: 电池低电量报警 (当前: 88%, 阈值: 20%)
[2026-04-30 16:21:51]   - 保存数据: 冷冻区1-1-A | 1-1-A-01 | Temp=-15.3 | Time=2026-04-30 16:12:57
[2026-04-30 16:21:51]     [ALARM] 触发报警: 库温过高报警 (当前: -16.0degC, 阈值: -19degC)
[2026-04-30 16:21:51]     [ALARM] 触发报警: 电池低电量报警 (当前: 88%, 阈值: 20%)
[2026-04-30 16:21:51]   - 保存数据: 冷冻区1-1-A | 1-1-A-02 | Temp=-16.0 | Time=2026-04-30 16:07:47
[2026-04-30 16:21:51]     [ALARM] 触发报警: 电池低电量报警 (当前: 88%, 阈值: 20%)
[2026-04-30 16:21:51]   - 保存数据: 冷冻区1-1-B | 1-1-B-01 | Temp=-19.6 | Time=2026-04-30 16:15:02
[2026-04-30 16:21:51]     [ALARM] 触发报警: 电池低电量报警 (当前: 88%, 阈值: 20%)
[2026-04-30 16:21:51]   - 保存数据: 冷冻区1-1-B | 1-1-B-02 | Temp=-19.1 | Time=2026-04-30 16:15:58
[2026-04-30 16:21:51]     [ALARM] 触发报警: 电池低电量报警 (当前: 88%, 阈值: 20%)
[2026-04-30 16:21:51]   - 保存数据: 冷冻区1-1-C | 1-1-C-01 | Temp=-19.4 | Time=2026-04-30 16:19:39
[2026-04-30 16:21:51]     [ALARM] 触发报警: 电池低电量报警 (当前: 88%, 阈值: 20%)
[2026-04-30 16:21:51]   - 保存数据: 冷冻区1-1-C | 1-1-C-02 | Temp=-19.4 | Time=2026-04-30 16:17:13
[2026-04-30 16:21:51] 成功保存 6 条监测点数据
[2026-04-30 16:26:51] 发起请求, 接口: https://api.e6yun.com/public/v4/BL-MODULE-COLD-CHAIN-WEB/api/cold/storageTempHum/getStorageTempHum
[2026-04-30 16:26:51] 数据采集成功，获取到 3 个区位的数据
[2026-04-30 16:26:51]     [ALARM] 触发报警: 库温过高报警 (当前: -15.3degC, 阈值: -19degC)
[2026-04-30 16:26:51]     [ALARM] 触发报警: 电池低电量报警 (当前: 88%, 阈值: 20%)
[2026-04-30 16:26:51]   - 保存数据: 冷冻区1-1-A | 1-1-A-01 | Temp=-15.3 | Time=2026-04-30 16:12:57
[2026-04-30 16:26:51]     [ALARM] 触发报警: 库温过高报警 (当前: -16.0degC, 阈值: -19degC)
[2026-04-30 16:26:51]     [ALARM] 触发报警: 电池低电量报警 (当前: 88%, 阈值: 20%)
[2026-04-30 16:26:51]   - 保存数据: 冷冻区1-1-A | 1-1-A-02 | Temp=-16.0 | Time=2026-04-30 16:22:47
[2026-04-30 16:26:51]     [ALARM] 触发报警: 电池低电量报警 (当前: 88%, 阈值: 20%)
[2026-04-30 16:26:51]   - 保存数据: 冷冻区1-1-B | 1-1-B-01 | Temp=-19.6 | Time=2026-04-30 16:15:02
[2026-04-30 16:26:51]     [ALARM] 触发报警: 电池低电量报警 (当前: 88%, 阈值: 20%)
[2026-04-30 16:26:51]   - 保存数据: 冷冻区1-1-B | 1-1-B-02 | Temp=-19.1 | Time=2026-04-30 16:15:58
[2026-04-30 16:26:51]     [ALARM] 触发报警: 电池低电量报警 (当前: 88%, 阈值: 20%)
[2026-04-30 16:26:51]   - 保存数据: 冷冻区1-1-C | 1-1-C-01 | Temp=-19.4 | Time=2026-04-30 16:19:39
[2026-04-30 16:26:51]     [ALARM] 触发报警: 电池低电量报警 (当前: 88%, 阈值: 20%)
[2026-04-30 16:26:51]   - 保存数据: 冷冻区1-1-C | 1-1-C-02 | Temp=-19.4 | Time=2026-04-30 16:17:13
[2026-04-30 16:26:51] 成功保存 6 条监测点数据
[2026-04-30 16:31:51] 发起请求, 接口: https://api.e6yun.com/public/v4/BL-MODULE-COLD-CHAIN-WEB/api/cold/storageTempHum/getStorageTempHum
[2026-04-30 16:31:51] 数据采集成功，获取到 3 个区位的数据
[2026-04-30 16:31:51]     [ALARM] 触发报警: 库温过高报警 (当前: -15.3degC, 阈值: -19degC)
[2026-04-30 16:31:51]     [ALARM] 触发报警: 电池低电量报警 (当前: 88%, 阈值: 20%)
[2026-04-30 16:31:51]   - 保存数据: 冷冻区1-1-A | 1-1-A-01 | Temp=-15.3 | Time=2026-04-30 16:27:57
[2026-04-30 16:31:51]     [ALARM] 触发报警: 库温过高报警 (当前: -16.0degC, 阈值: -19degC)
[2026-04-30 16:31:51]     [ALARM] 触发报警: 电池低电量报警 (当前: 88%, 阈值: 20%)
[2026-04-30 16:31:51]   - 保存数据: 冷冻区1-1-A | 1-1-A-02 | Temp=-16.0 | Time=2026-04-30 16:22:47
[2026-04-30 16:31:51]     [ALARM] 触发报警: 电池低电量报警 (当前: 88%, 阈值: 20%)
[2026-04-30 16:31:51]   - 保存数据: 冷冻区1-1-B | 1-1-B-01 | Temp=-19.6 | Time=2026-04-30 16:15:02
[2026-04-30 16:31:51]     [ALARM] 触发报警: 电池低电量报警 (当前: 88%, 阈值: 20%)
[2026-04-30 16:31:52]   - 保存数据: 冷冻区1-1-B | 1-1-B-02 | Temp=-19.0 | Time=2026-04-30 16:30:58
[2026-04-30 16:31:52]     [ALARM] 触发报警: 电池低电量报警 (当前: 88%, 阈值: 20%)
[2026-04-30 16:31:52]   - 保存数据: 冷冻区1-1-C | 1-1-C-01 | Temp=-19.4 | Time=2026-04-30 16:19:39
[2026-04-30 16:31:52]     [ALARM] 触发报警: 电池低电量报警 (当前: 88%, 阈值: 20%)
[2026-04-30 16:31:52]   - 保存数据: 冷冻区1-1-C | 1-1-C-02 | Temp=-19.4 | Time=2026-04-30 16:17:13
[2026-04-30 16:31:52] 成功保存 6 条监测点数据
[2026-04-30 16:36:52] 发起请求, 接口: https://api.e6yun.com/public/v4/BL-MODULE-COLD-CHAIN-WEB/api/cold/storageTempHum/getStorageTempHum
[2026-04-30 16:36:52] 数据采集成功，获取到 3 个区位的数据
[2026-04-30 16:36:52]     [ALARM] 触发报警: 库温过高报警 (当前: -15.3degC, 阈值: -19degC)
[2026-04-30 16:36:52]     [ALARM] 触发报警: 电池低电量报警 (当前: 88%, 阈值: 20%)
[2026-04-30 16:36:52]   - 保存数据: 冷冻区1-1-A | 1-1-A-01 | Temp=-15.3 | Time=2026-04-30 16:27:57
[2026-04-30 16:36:52]     [ALARM] 触发报警: 库温过高报警 (当前: -16.0degC, 阈值: -19degC)
[2026-04-30 16:36:52]     [ALARM] 触发报警: 电池低电量报警 (当前: 88%, 阈值: 20%)
[2026-04-30 16:36:52]   - 保存数据: 冷冻区1-1-A | 1-1-A-02 | Temp=-16.0 | Time=2026-04-30 16:22:47
[2026-04-30 16:36:52]     [ALARM] 触发报警: 电池低电量报警 (当前: 88%, 阈值: 20%)
[2026-04-30 16:36:52]   - 保存数据: 冷冻区1-1-B | 1-1-B-01 | Temp=-19.2 | Time=2026-04-30 16:30:02
[2026-04-30 16:36:52]     [ALARM] 触发报警: 电池低电量报警 (当前: 88%, 阈值: 20%)
[2026-04-30 16:36:52]   - 保存数据: 冷冻区1-1-B | 1-1-B-02 | Temp=-19.0 | Time=2026-04-30 16:30:58
[2026-04-30 16:36:52]     [ALARM] 触发报警: 电池低电量报警 (当前: 88%, 阈值: 20%)
[2026-04-30 16:36:52]   - 保存数据: 冷冻区1-1-C | 1-1-C-01 | Temp=-19.8 | Time=2026-04-30 16:34:39
[2026-04-30 16:36:52]     [ALARM] 触发报警: 电池低电量报警 (当前: 88%, 阈值: 20%)
[2026-04-30 16:36:52]   - 保存数据: 冷冻区1-1-C | 1-1-C-02 | Temp=-19.7 | Time=2026-04-30 16:32:13
[2026-04-30 16:36:52] 成功保存 6 条监测点数据
[2026-04-30 16:41:52] 发起请求, 接口: https://api.e6yun.com/public/v4/BL-MODULE-COLD-CHAIN-WEB/api/cold/storageTempHum/getStorageTempHum
[2026-04-30 16:41:52] 数据采集成功，获取到 3 个区位的数据
[2026-04-30 16:41:52]     [ALARM] 触发报警: 库温过高报警 (当前: -15.3degC, 阈值: -19degC)
[2026-04-30 16:41:52]     [ALARM] 触发报警: 电池低电量报警 (当前: 88%, 阈值: 20%)
[2026-04-30 16:41:52]   - 保存数据: 冷冻区1-1-A | 1-1-A-01 | Temp=-15.3 | Time=2026-04-30 16:27:57
[2026-04-30 16:41:52]     [ALARM] 触发报警: 库温过高报警 (当前: -16.0degC, 阈值: -19degC)
[2026-04-30 16:41:52]     [ALARM] 触发报警: 电池低电量报警 (当前: 88%, 阈值: 20%)
[2026-04-30 16:41:52]   - 保存数据: 冷冻区1-1-A | 1-1-A-02 | Temp=-16.0 | Time=2026-04-30 16:37:47
[2026-04-30 16:41:52]     [ALARM] 触发报警: 电池低电量报警 (当前: 88%, 阈值: 20%)
[2026-04-30 16:41:52]   - 保存数据: 冷冻区1-1-B | 1-1-B-01 | Temp=-19.2 | Time=2026-04-30 16:30:02
[2026-04-30 16:41:52]     [ALARM] 触发报警: 电池低电量报警 (当前: 88%, 阈值: 20%)
[2026-04-30 16:41:53]   - 保存数据: 冷冻区1-1-B | 1-1-B-02 | Temp=-19.0 | Time=2026-04-30 16:30:58
[2026-04-30 16:41:53]     [ALARM] 触发报警: 电池低电量报警 (当前: 88%, 阈值: 20%)
[2026-04-30 16:41:53]   - 保存数据: 冷冻区1-1-C | 1-1-C-01 | Temp=-19.8 | Time=2026-04-30 16:34:39
[2026-04-30 16:41:53]     [ALARM] 触发报警: 电池低电量报警 (当前: 88%, 阈值: 20%)
[2026-04-30 16:41:53]   - 保存数据: 冷冻区1-1-C | 1-1-C-02 | Temp=-19.7 | Time=2026-04-30 16:32:13
[2026-04-30 16:41:53] 成功保存 6 条监测点数据
[2026-04-30 16:46:53] 发起请求, 接口: https://api.e6yun.com/public/v4/BL-MODULE-COLD-CHAIN-WEB/api/cold/storageTempHum/getStorageTempHum
[2026-04-30 16:46:53] 数据采集成功，获取到 3 个区位的数据
[2026-04-30 16:46:53]     [ALARM] 触发报警: 库温过高报警 (当前: -15.4degC, 阈值: -19degC)
[2026-04-30 16:46:53]     [ALARM] 触发报警: 电池低电量报警 (当前: 88%, 阈值: 20%)
[2026-04-30 16:46:53]   - 保存数据: 冷冻区1-1-A | 1-1-A-01 | Temp=-15.4 | Time=2026-04-30 16:42:57
[2026-04-30 16:46:53]     [ALARM] 触发报警: 库温过高报警 (当前: -16.0degC, 阈值: -19degC)
[2026-04-30 16:46:53]     [ALARM] 触发报警: 电池低电量报警 (当前: 88%, 阈值: 20%)
[2026-04-30 16:46:53]   - 保存数据: 冷冻区1-1-A | 1-1-A-02 | Temp=-16.0 | Time=2026-04-30 16:37:47
[2026-04-30 16:46:53]     [ALARM] 触发报警: 电池低电量报警 (当前: 88%, 阈值: 20%)
[2026-04-30 16:46:53]   - 保存数据: 冷冻区1-1-B | 1-1-B-01 | Temp=-19.2 | Time=2026-04-30 16:30:02
[2026-04-30 16:46:53]     [ALARM] 触发报警: 库温过高报警 (当前: -18.9degC, 阈值: -19degC)
[2026-04-30 16:46:53]     [ALARM] 触发报警: 电池低电量报警 (当前: 88%, 阈值: 20%)
[2026-04-30 16:46:53]   - 保存数据: 冷冻区1-1-B | 1-1-B-02 | Temp=-18.9 | Time=2026-04-30 16:45:58
[2026-04-30 16:46:53]     [ALARM] 触发报警: 电池低电量报警 (当前: 88%, 阈值: 20%)
[2026-04-30 16:46:53]   - 保存数据: 冷冻区1-1-C | 1-1-C-01 | Temp=-19.8 | Time=2026-04-30 16:34:39
[2026-04-30 16:46:53]     [ALARM] 触发报警: 电池低电量报警 (当前: 88%, 阈值: 20%)
[2026-04-30 16:46:53]   - 保存数据: 冷冻区1-1-C | 1-1-C-02 | Temp=-19.7 | Time=2026-04-30 16:32:13
[2026-04-30 16:46:53] 成功保存 6 条监测点数据
[2026-04-30 16:51:53] 发起请求, 接口: https://api.e6yun.com/public/v4/BL-MODULE-COLD-CHAIN-WEB/api/cold/storageTempHum/getStorageTempHum
[2026-04-30 16:51:53] 数据采集成功，获取到 3 个区位的数据
[2026-04-30 16:51:53]     [ALARM] 触发报警: 库温过高报警 (当前: -15.4degC, 阈值: -19degC)
[2026-04-30 16:51:53]     [ALARM] 触发报警: 电池低电量报警 (当前: 88%, 阈值: 20%)
[2026-04-30 16:51:53]   - 保存数据: 冷冻区1-1-A | 1-1-A-01 | Temp=-15.4 | Time=2026-04-30 16:42:57
[2026-04-30 16:51:53]     [ALARM] 触发报警: 库温过高报警 (当前: -16.0degC, 阈值: -19degC)
[2026-04-30 16:51:53]     [ALARM] 触发报警: 电池低电量报警 (当前: 88%, 阈值: 20%)
[2026-04-30 16:51:53]   - 保存数据: 冷冻区1-1-A | 1-1-A-02 | Temp=-16.0 | Time=2026-04-30 16:37:47
[2026-04-30 16:51:53]     [ALARM] 触发报警: 电池低电量报警 (当前: 88%, 阈值: 20%)
[2026-04-30 16:51:53]   - 保存数据: 冷冻区1-1-B | 1-1-B-01 | Temp=-19.1 | Time=2026-04-30 16:45:02
[2026-04-30 16:51:53]     [ALARM] 触发报警: 库温过高报警 (当前: -18.9degC, 阈值: -19degC)
[2026-04-30 16:51:53]     [ALARM] 触发报警: 电池低电量报警 (当前: 88%, 阈值: 20%)
[2026-04-30 16:51:53]   - 保存数据: 冷冻区1-1-B | 1-1-B-02 | Temp=-18.9 | Time=2026-04-30 16:45:58
[2026-04-30 16:51:53]     [ALARM] 触发报警: 电池低电量报警 (当前: 88%, 阈值: 20%)
[2026-04-30 16:51:53]   - 保存数据: 冷冻区1-1-C | 1-1-C-01 | Temp=-19.9 | Time=2026-04-30 16:49:39
[2026-04-30 16:51:53]     [ALARM] 触发报警: 电池低电量报警 (当前: 88%, 阈值: 20%)
[2026-04-30 16:51:53]   - 保存数据: 冷冻区1-1-C | 1-1-C-02 | Temp=-20.1 | Time=2026-04-30 16:47:13
[2026-04-30 16:51:53] 成功保存 6 条监测点数据
[2026-04-30 16:56:53] 发起请求, 接口: https://api.e6yun.com/public/v4/BL-MODULE-COLD-CHAIN-WEB/api/cold/storageTempHum/getStorageTempHum
[2026-04-30 16:56:54] 数据采集成功，获取到 3 个区位的数据
[2026-04-30 16:56:54]     [ALARM] 触发报警: 库温过高报警 (当前: -15.4degC, 阈值: -19degC)
[2026-04-30 16:56:54]     [ALARM] 触发报警: 电池低电量报警 (当前: 88%, 阈值: 20%)
[2026-04-30 16:56:54]   - 保存数据: 冷冻区1-1-A | 1-1-A-01 | Temp=-15.4 | Time=2026-04-30 16:42:57
[2026-04-30 16:56:54]     [ALARM] 触发报警: 库温过高报警 (当前: -16.0degC, 阈值: -19degC)
[2026-04-30 16:56:54]     [ALARM] 触发报警: 电池低电量报警 (当前: 88%, 阈值: 20%)
[2026-04-30 16:56:54]   - 保存数据: 冷冻区1-1-A | 1-1-A-02 | Temp=-16.0 | Time=2026-04-30 16:52:47
[2026-04-30 16:56:54]     [ALARM] 触发报警: 电池低电量报警 (当前: 88%, 阈值: 20%)
[2026-04-30 16:56:54]   - 保存数据: 冷冻区1-1-B | 1-1-B-01 | Temp=-19.1 | Time=2026-04-30 16:45:02
[2026-04-30 16:56:54]     [ALARM] 触发报警: 库温过高报警 (当前: -18.9degC, 阈值: -19degC)
[2026-04-30 16:56:54]     [ALARM] 触发报警: 电池低电量报警 (当前: 88%, 阈值: 20%)
[2026-04-30 16:56:54]   - 保存数据: 冷冻区1-1-B | 1-1-B-02 | Temp=-18.9 | Time=2026-04-30 16:45:58
[2026-04-30 16:56:54]     [ALARM] 触发报警: 电池低电量报警 (当前: 88%, 阈值: 20%)
[2026-04-30 16:56:54]   - 保存数据: 冷冻区1-1-C | 1-1-C-01 | Temp=-19.9 | Time=2026-04-30 16:49:39
[2026-04-30 16:56:54]     [ALARM] 触发报警: 电池低电量报警 (当前: 88%, 阈值: 20%)
[2026-04-30 16:56:54]   - 保存数据: 冷冻区1-1-C | 1-1-C-02 | Temp=-20.1 | Time=2026-04-30 16:47:13
[2026-04-30 16:56:54] 成功保存 6 条监测点数据
